Component: ARM Compiler 5.06 update 7 (build 960) Tool: armlink [4d3601]

==============================================================================

Section Cross References

    main.o(.text) refers to lcd.o(.text) for LCD_Fill
    main.o(.text) refers to lcd.o(.data) for POINT_COLOR
    main.o(.text) refers to main.o(.data) for kbd_tbl
    main.o(.text) refers to key.o(.text) for KEY_Scan
    main.o(.text) refers to stm32f10x_usart.o(.text) for USART_SendData
    main.o(.text) refers to touch.o(.data) for tp_dev
    main.o(.text) refers to lcd.o(.bss) for lcddev
    main.o(.text) refers to delay.o(.text) for delay_ms
    main.o(.text) refers to joypad.o(.text) for JOYPAD_Read
    main.o(.text) refers to remote.o(.text) for Remote_Scan
    main.o(.text) refers to inv_mpu.o(.text) for mpu_dmp_get_data
    main.o(.text) refers to frleqf.o(x$fpl$frleqf) for __aeabi_cfrcmple
    main.o(.text) refers to fleqf.o(x$fpl$fleqf) for __aeabi_cfcmple
    main.o(.text) refers to system_stm32f10x.o(.text) for SystemInit
    main.o(.text) refers to stm32f10x_rcc.o(.text) for RCC_APB1PeriphClockCmd
    main.o(.text) refers to stm32f10x_gpio.o(.text) for GPIO_Init
    main.o(.text) refers to misc.o(.text) for NVIC_SetVectorTable
    main.o(.text) refers to usart.o(.text) for uart_init
    main.o(.text) refers to led.o(.text) for LED_Init
    main.o(.text) refers to mpu6050.o(.text) for MPU_Init
    main.o(.data) refers to main.o(.conststring) for .conststring
    system_stm32f10x.o(.text) refers to system_stm32f10x.o(.data) for SystemCoreClock
    led.o(.text) refers to stm32f10x_rcc.o(.text) for RCC_APB2PeriphClockCmd
    led.o(.text) refers to stm32f10x_gpio.o(.text) for GPIO_Init
    key.o(.text) refers to stm32f10x_rcc.o(.text) for RCC_APB2PeriphClockCmd
    key.o(.text) refers to stm32f10x_gpio.o(.text) for GPIO_Init
    key.o(.text) refers to delay.o(.text) for delay_ms
    key.o(.text) refers to key.o(.data) for key_up
    lcd.o(.text) refers to _printf_percent.o(.ARM.Collect$$_printf_percent$$00000000) for _printf_percent
    lcd.o(.text) refers to _printf_x.o(.ARM.Collect$$_printf_percent$$0000000C) for _printf_x
    lcd.o(.text) refers to _printf_hex_int.o(.text) for _printf_longlong_hex
    lcd.o(.text) refers to delay.o(.text) for delay_us
    lcd.o(.text) refers to lcd.o(.bss) for lcddev
    lcd.o(.text) refers to lcd.o(.data) for POINT_COLOR
    lcd.o(.text) refers to dflt_clz.o(x$fpl$dfltu) for __aeabi_ui2d
    lcd.o(.text) refers to dmul.o(x$fpl$dmul) for __aeabi_dmul
    lcd.o(.text) refers to dfixu.o(x$fpl$dfixu) for __aeabi_d2uiz
    lcd.o(.text) refers to stm32f10x_rcc.o(.text) for RCC_AHBPeriphClockCmd
    lcd.o(.text) refers to stm32f10x_gpio.o(.text) for GPIO_Init
    lcd.o(.text) refers to stm32f10x_fsmc.o(.text) for FSMC_NORSRAMInit
    lcd.o(.text) refers to noretval__2printf.o(.text) for __2printf
    lcd.o(.text) refers to lcd.o(.constdata) for asc2_1206
    myiic.o(.text) refers to stm32f10x_rcc.o(.text) for RCC_APB2PeriphClockCmd
    myiic.o(.text) refers to stm32f10x_gpio.o(.text) for GPIO_Init
    myiic.o(.text) refers to delay.o(.text) for delay_us
    24cxx.o(.text) refers to myiic.o(.text) for IIC_Init
    24cxx.o(.text) refers to delay.o(.text) for delay_ms
    spi.o(.text) refers to stm32f10x_spi.o(.text) for SPI_I2S_GetFlagStatus
    spi.o(.text) refers to stm32f10x_rcc.o(.text) for RCC_APB2PeriphClockCmd
    spi.o(.text) refers to stm32f10x_gpio.o(.text) for GPIO_Init
    w25qxx.o(.text) refers to _printf_percent.o(.ARM.Collect$$_printf_percent$$00000000) for _printf_percent
    w25qxx.o(.text) refers to _printf_x.o(.ARM.Collect$$_printf_percent$$0000000C) for _printf_x
    w25qxx.o(.text) refers to _printf_hex_int.o(.text) for _printf_longlong_hex
    w25qxx.o(.text) refers to spi.o(.text) for SPI2_ReadWriteByte
    w25qxx.o(.text) refers to stm32f10x_rcc.o(.text) for RCC_APB2PeriphClockCmd
    w25qxx.o(.text) refers to stm32f10x_gpio.o(.text) for GPIO_Init
    w25qxx.o(.text) refers to noretval__2printf.o(.text) for __2printf
    w25qxx.o(.text) refers to delay.o(.text) for delay_us
    w25qxx.o(.text) refers to w25qxx.o(.data) for W25QXX_TYPE
    w25qxx.o(.text) refers to w25qxx.o(.bss) for W25QXX_BUFFER
    touch.o(.text) refers to delay.o(.text) for delay_us
    touch.o(.text) refers to lcd.o(.text) for LCD_DrawLine
    touch.o(.text) refers to fflt_clz.o(x$fpl$fflt) for __aeabi_i2f
    touch.o(.text) refers to fflt_clz.o(x$fpl$ffltu) for __aeabi_ui2f
    touch.o(.text) refers to fmul.o(x$fpl$fmul) for __aeabi_fmul
    touch.o(.text) refers to faddsub_clz.o(x$fpl$fadd) for __aeabi_fadd
    touch.o(.text) refers to ffixu.o(x$fpl$ffixu) for __aeabi_f2uiz
    touch.o(.text) refers to 24cxx.o(.text) for AT24CXX_Write
    touch.o(.text) refers to touch.o(.data) for CMD_RDX
    touch.o(.text) refers to lcd.o(.data) for POINT_COLOR
    touch.o(.text) refers to dflt_clz.o(x$fpl$dfltu) for __aeabi_ui2d
    touch.o(.text) refers to sqrt.o(i.sqrt) for sqrt
[...]
    __rt_entry_postsh_1                      0x080001c9   Thumb Code     0  __rtentry2.o(.ARM.Collect$$rtentry$$00000009)
    __rt_entry_main                          0x080001cd   Thumb Code     0  __rtentry2.o(.ARM.Collect$$rtentry$$0000000D)
    __rt_entry_postli_1                      0x080001cd   Thumb Code     0  __rtentry2.o(.ARM.Collect$$rtentry$$0000000C)
    __rt_exit                                0x080001d5   Thumb Code     0  rtexit.o(.ARM.Collect$$rtexit$$00000000)
    __rt_exit_ls                             0x080001d7   Thumb Code     0  rtexit2.o(.ARM.Collect$$rtexit$$00000003)
    __rt_exit_prels_1                        0x080001d7   Thumb Code     0  rtexit2.o(.ARM.Collect$$rtexit$$00000002)
    __rt_exit_exit                           0x080001db   Thumb Code     0  rtexit2.o(.ARM.Collect$$rtexit$$00000004)
    touch_load_keyboard                      0x080001e1   Thumb Code  1240  main.o(.text)
    Control                                  0x080006b9   Thumb Code  2522  main.o(.text)
    USART2_Configuration                     0x08001093   Thumb Code   170  main.o(.text)
    main                                     0x0800113d   Thumb Code   744  main.o(.text)
    NMI_Handler                              0x08001431   Thumb Code     2  stm32f10x_it.o(.text)
    HardFault_Handler                        0x08001433   Thumb Code     4  stm32f10x_it.o(.text)
    MemManage_Handler                        0x08001437   Thumb Code     4  stm32f10x_it.o(.text)
    BusFault_Handler                         0x0800143b   Thumb Code     4  stm32f10x_it.o(.text)
    UsageFault_Handler                       0x0800143f   Thumb Code     4  stm32f10x_it.o(.text)
    SVC_Handler                              0x08001443   Thumb Code     2  stm32f10x_it.o(.text)
    DebugMon_Handler                         0x08001445   Thumb Code     2  stm32f10x_it.o(.text)
    PendSV_Handler                           0x08001447   Thumb Code     2  stm32f10x_it.o(.text)
    SysTick_Handler                          0x08001449   Thumb Code     2  stm32f10x_it.o(.text)
    SystemInit                               0x0800152b   Thumb Code    78  system_stm32f10x.o(.text)
    SystemCoreClockUpdate                    0x08001579   Thumb Code   142  system_stm32f10x.o(.text)
    LED_Init                                 0x0800162d   Thumb Code    68  led.o(.text)
    KEY_Init                                 0x08001679   Thumb Code    52  key.o(.text)
    KEY_Scan                                 0x080016ad   Thumb Code   188  key.o(.text)
    LCD_WR_REG                               0x08001775   Thumb Code     6  lcd.o(.text)
    LCD_WR_DATA                              0x0800177b   Thumb Code     8  lcd.o(.text)
    LCD_RD_DATA                              0x08001783   Thumb Code    16  lcd.o(.text)
    LCD_WriteReg                             0x08001793   Thumb Code    10  lcd.o(.text)
    LCD_ReadReg                              0x0800179d   Thumb Code    22  lcd.o(.text)
    LCD_WriteRAM_Prepare                     0x080017b3   Thumb Code    10  lcd.o(.text)
    LCD_WriteRAM                             0x080017bd   Thumb Code     8  lcd.o(.text)
    LCD_BGR2RGB                              0x080017c5   Thumb Code    26  lcd.o(.text)
    opt_delay                                0x080017df   Thumb Code    14  lcd.o(.text)
    LCD_SetCursor                            0x080017ed   Thumb Code   418  lcd.o(.text)
    LCD_ReadPoint                            0x0800198f   Thumb Code   360  lcd.o(.text)
    LCD_DisplayOn                            0x08001af7   Thumb Code   102  lcd.o(.text)
    LCD_DisplayOff                           0x08001b5d   Thumb Code    90  lcd.o(.text)
    LCD_Scan_Dir                             0x08001bb7   Thumb Code   744  lcd.o(.text)
    LCD_DrawPoint                            0x08001e9f   Thumb Code    28  lcd.o(.text)
    LCD_Fast_DrawPoint                       0x08001ebb   Thumb Code   384  lcd.o(.text)
    LCD_SSD_BackLightSet                     0x0800203b   Thumb Code    80  lcd.o(.text)
    LCD_Display_Dir                          0x0800208b   Thumb Code   444  lcd.o(.text)
    LCD_Set_Window                           0x08002247   Thumb Code   540  lcd.o(.text)
    LCD_Clear                                0x08002463   Thumb Code   100  lcd.o(.text)
    LCD_Init                                 0x080024c7   Thumb Code 14190  lcd.o(.text)
    LCD_Fill                                 0x08005c35   Thumb Code   178  lcd.o(.text)
    LCD_Color_Fill                           0x08005ce7   Thumb Code   106  lcd.o(.text)
    LCD_DrawLine                             0x08005d51   Thumb Code   176  lcd.o(.text)
    LCD_DrawRectangle                        0x08005e01   Thumb Code    60  lcd.o(.text)
    LCD_Draw_Circle                          0x08005e3d   Thumb Code   152  lcd.o(.text)
    LCD_ShowChar                             0x08005ed5   Thumb Code   272  lcd.o(.text)
    LCD_Pow                                  0x08005fe5   Thumb Code    22  lcd.o(.text)
    LCD_ShowNum                              0x08005ffb   Thumb Code   148  lcd.o(.text)
    LCD_ShowxNum                             0x0800608f   Thumb Code   220  lcd.o(.text)
    LCD_ShowString                           0x0800616b   Thumb Code   102  lcd.o(.text)
    IIC_Init                                 0x080061d1   Thumb Code    46  myiic.o(.text)
    IIC_Start                                0x080061ff   Thumb Code    64  myiic.o(.text)
    IIC_Stop                                 0x0800623f   Thumb Code    66  myiic.o(.text)
    IIC_Wait_Ack                             0x08006281   Thumb Code    86  myiic.o(.text)
    IIC_Ack                                  0x080062d7   Thumb Code    70  myiic.o(.text)
    IIC_NAck                                 0x0800631d   Thumb Code    70  myiic.o(.text)
    IIC_Send_Byte                            0x08006363   Thumb Code   104  myiic.o(.text)
    IIC_Read_Byte                            0x080063cb   Thumb Code   100  myiic.o(.text)
    AT24CXX_Init                             0x0800643d   Thumb Code     8  24cxx.o(.text)
    AT24CXX_ReadOneByte                      0x08006445   Thumb Code    88  24cxx.o(.text)
    AT24CXX_WriteOneByte                     0x0800649d   Thumb Code    80  24cxx.o(.text)
    AT24CXX_WriteLenByte                     0x080064ed   Thumb Code    42  24cxx.o(.text)
    AT24CXX_ReadLenByte                      0x08006517   Thumb Code    44  24cxx.o(.text)
    AT24CXX_Check                            0x08006543   Thumb Code    46  24cxx.o(.text)
    AT24CXX_Read                             0x08006571   Thumb Code    34  24cxx.o(.text)
    AT24CXX_Write                            0x08006593   Thumb Code    36  24cxx.o(.text)
    TP_Write_Byte                            0x080065b9   Thumb Code    64  touch.o(.text)
    TP_Read_AD                               0x080065f9   Thumb Code   136  touch.o(.text)
    TP_Read_XOY                              0x08006681   Thumb Code   120  touch.o(.text)
    TP_Read_XY                               0x080066f9   Thumb Code    38  touch.o(.text)
    TP_Read_XY2                              0x0800671f   Thumb Code   192  touch.o(.text)
    TP_Drow_Touch_Point                      0x080067df   Thumb Code   108  touch.o(.text)
    TP_Draw_Big_Point                        0x0800684b   Thumb Code    54  touch.o(.text)
    TP_Scan                                  0x08006881   Thumb Code   264  touch.o(.text)
    TP_Save_Adjdata                          0x08006989   Thumb Code    24  touch.o(.text)
    TP_Get_Adjdata                           0x080069a1   Thumb Code   104  touch.o(.text)
    TP_Adj_Info_Show                         0x08006a09   Thumb Code   374  touch.o(.text)
    TP_Adjust                                0x08006b7f   Thumb Code  2128  touch.o(.text)
    TP_Init                                  0x080073cf   Thumb Code   330  touch.o(.text)
    CT_Delay                                 0x0800756d   Thumb Code    10  ctiic.o(.text)
    CT_IIC_Init                              0x08007577   Thumb Code    72  ctiic.o(.text)
    CT_IIC_Start                             0x080075bf   Thumb Code    66  ctiic.o(.text)
    CT_IIC_Stop                              0x08007601   Thumb Code    60  ctiic.o(.text)
    CT_IIC_Wait_Ack                          0x0800763d   Thumb Code    86  ctiic.o(.text)
    CT_IIC_Ack                               0x08007693   Thumb Code    70  ctiic.o(.text)
    CT_IIC_NAck                              0x080076d9   Thumb Code    70  ctiic.o(.text)
    CT_IIC_Send_Byte                         0x0800771f   Thumb Code    86  ctiic.o(.text)
    CT_IIC_Read_Byte                         0x08007775   Thumb Code   100  ctiic.o(.text)
    OTT2001A_WR_Reg                          0x080077f1   Thumb Code    92  ott2001a.o(.text)
    OTT2001A_RD_Reg                          0x0800784d   Thumb Code    98  ott2001a.o(.text)
    OTT2001A_SensorControl                   0x080078af   Thumb Code    28  ott2001a.o(.text)
    OTT2001A_Init                            0x080078cb   Thumb Code   156  ott2001a.o(.text)
    OTT2001A_Scan                            0x08007967   Thumb Code   446  ott2001a.o(.text)
    FT5206_WR_Reg                            0x08007b5d   Thumb Code    82  ft5206.o(.text)
    FT5206_RD_Reg                            0x08007baf   Thumb Code    88  ft5206.o(.text)
    FT5206_Init                              0x08007c07   Thumb Code   216  ft5206.o(.text)
    FT5206_Scan                              0x08007cdf   Thumb Code   400  ft5206.o(.text)
    GT9147_WR_Reg                            0x08007e95   Thumb Code    92  gt9147.o(.text)
    GT9147_Send_Cfg                          0x08007ef1   Thumb Code    86  gt9147.o(.text)
    GT9147_RD_Reg                            0x08007f47   Thumb Code    98  gt9147.o(.text)
    GT9147_Init                              0x08007fa9   Thumb Code   268  gt9147.o(.text)
    GT9147_Scan                              0x080080b5   Thumb Code   494  gt9147.o(.text)
    JOYPAD_Init                              0x080082ed   Thumb Code   116  joypad.o(.text)
    JOYPAD_Delay                             0x08008361   Thumb Code    14  joypad.o(.text)
    JOYPAD_Read                              0x0800836f   Thumb Code    96  joypad.o(.text)
    Remote_Init                              0x080083e9   Thumb Code   180  remote.o(.text)
    TIM4_IRQHandler                          0x0800849d   Thumb Code   384  remote.o(.text)
    Remote_Scan                              0x0800861d   Thumb Code    92  remote.o(.text)
    MPU_Write_Byte                           0x08008695   Thumb Code    68  mpu6050.o(.text)
    MPU_Set_LPF                              0x080086d9   Thumb Code    58  mpu6050.o(.text)
    MPU_Set_Rate                             0x08008713   Thumb Code    58  mpu6050.o(.text)
    MPU_Read_Byte                            0x0800874d   Thumb Code    58  mpu6050.o(.text)
    MPU_Set_Accel_Fsr                        0x08008787   Thumb Code    16  mpu6050.o(.text)
    MPU_Set_Gyro_Fsr                         0x08008797   Thumb Code    16  mpu6050.o(.text)
    MPU_Init                                 0x080087a7   Thumb Code   180  mpu6050.o(.text)
    MPU_Read_Len                             0x0800885b   Thumb Code   116  mpu6050.o(.text)
    MPU_Get_Temperature                      0x080088cf   Thumb Code    86  mpu6050.o(.text)
    MPU_Get_Gyroscope                        0x08008925   Thumb Code    80  mpu6050.o(.text)
    MPU_Get_Accelerometer                    0x08008975   Thumb Code    80  mpu6050.o(.text)
    MPU_Write_Len                            0x080089c5   Thumb Code    96  mpu6050.o(.text)
    MPU_IIC_Delay                            0x08008a41   Thumb Code    10  mpuiic.o(.text)
    MPU_IIC_Init                             0x08008a4b   Thumb Code    50  mpuiic.o(.text)
    MPU_IIC_Start                            0x08008a7d   Thumb Code    64  mpuiic.o(.text)
    MPU_IIC_Stop                             0x08008abd   Thumb Code    66  mpuiic.o(.text)
    MPU_IIC_Wait_Ack                         0x08008aff   Thumb Code    90  mpuiic.o(.text)
    MPU_IIC_Ack                              0x08008b59   Thumb Code    70  mpuiic.o(.text)
    MPU_IIC_NAck                             0x08008b9f   Thumb Code    70  mpuiic.o(.text)
    MPU_IIC_Send_Byte                        0x08008be5   Thumb Code    86  mpuiic.o(.text)
    MPU_IIC_Read_Byte                        0x08008c3b   Thumb Code   100  mpuiic.o(.text)
    mpu_reg_dump                             0x08008d37   Thumb Code    84  inv_mpu.o(.text)
    mpu_read_reg                             0x08008d8b   Thumb Code    66  inv_mpu.o(.text)
    mpu_set_int_latched                      0x08008dcd   Thumb Code   102  inv_mpu.o(.text)
    mpu_set_sensors                          0x08008e33   Thumb Code   202  inv_mpu.o(.text)
    mpu_set_bypass                           0x08008efd   Thumb Code   328  inv_mpu.o(.text)
    mpu_reset_fifo                           0x08009045   Thumb Code   472  inv_mpu.o(.text)
    mpu_configure_fifo                       0x0800921d   Thumb Code   106  inv_mpu.o(.text)
    mpu_set_lpf                              0x08009287   Thumb Code   126  inv_mpu.o(.text)
    mpu_lp_accel_mode                        0x08009305   Thumb Code   218  inv_mpu.o(.text)
    mpu_set_sample_rate                      0x080093df   Thumb Code   152  inv_mpu.o(.text)
    mpu_set_accel_fsr                        0x08009477   Thumb Code   132  inv_mpu.o(.text)
    mpu_set_gyro_fsr                         0x080094fb   Thumb Code   132  inv_mpu.o(.text)
    mpu_init                                 0x0800957f   Thumb Code   416  inv_mpu.o(.text)
    mget_ms                                  0x0800971f   Thumb Code     2  inv_mpu.o(.text)
    mpu_get_gyro_reg                         0x08009721   Thumb Code   110  inv_mpu.o(.text)
    mpu_get_accel_reg                        0x0800978f   Thumb Code   110  inv_mpu.o(.text)
    mpu_get_temperature                      0x080097fd   Thumb Code   150  inv_mpu.o(.text)
    mpu_set_accel_bias                       0x08009893   Thumb Code   468  inv_mpu.o(.text)
    mpu_get_gyro_fsr                         0x08009a67   Thumb Code    64  inv_mpu.o(.text)
    mpu_get_accel_fsr                        0x08009aa7   Thumb Code    72  inv_mpu.o(.text)
    mpu_get_lpf                              0x08009aef   Thumb Code    74  inv_mpu.o(.text)
    mpu_get_sample_rate                      0x08009b39   Thumb Code    26  inv_mpu.o(.text)
    mpu_get_compass_sample_rate              0x08009b53   Thumb Code    10  inv_mpu.o(.text)
    mpu_set_compass_sample_rate              0x08009b5d   Thumb Code     8  inv_mpu.o(.text)
    mpu_get_gyro_sens                        0x08009b65   Thumb Code    58  inv_mpu.o(.text)
    mpu_get_accel_sens                       0x08009b9f   Thumb Code    78  inv_mpu.o(.text)
    mpu_get_fifo_config                      0x08009bed   Thumb Code    12  inv_mpu.o(.text)
    mpu_get_power_state                      0x08009bf9   Thumb Code    22  inv_mpu.o(.text)
    mpu_get_int_status                       0x08009c0f   Thumb Code    64  inv_mpu.o(.text)
    mpu_read_fifo                            0x08009c4f   Thumb Code   520  inv_mpu.o(.text)
    mpu_read_fifo_stream                     0x08009e57   Thumb Code   186  inv_mpu.o(.text)
    mpu_set_int_level                        0x08009f11   Thumb Code    12  inv_mpu.o(.text)
    mpu_set_dmp_state                        0x0800a5ef   Thumb Code   138  inv_mpu.o(.text)
    mpu_run_self_test                        0x0800a679   Thumb Code   278  inv_mpu.o(.text)
    mpu_write_mem                            0x0800a78f   Thumb Code   122  inv_mpu.o(.text)
    mpu_read_mem                             0x0800a809   Thumb Code   122  inv_mpu.o(.text)
    mpu_load_firmware                        0x0800a883   Thumb Code   192  inv_mpu.o(.text)
    mpu_get_dmp_state                        0x0800a943   Thumb Code    14  inv_mpu.o(.text)
    setup_compass                            0x0800a951   Thumb Code     6  inv_mpu.o(.text)
    mpu_get_compass_reg                      0x0800a957   Thumb Code     8  inv_mpu.o(.text)
    mpu_get_compass_fsr                      0x0800a95f   Thumb Code     8  inv_mpu.o(.text)
    mpu_lp_motion_interrupt                  0x0800a967   Thumb Code   512  inv_mpu.o(.text)
    run_self_test                            0x0800ab67   Thumb Code   148  inv_mpu.o(.text)
    inv_row_2_scale                          0x0800abfb   Thumb Code    78  inv_mpu.o(.text)
    inv_orientation_matrix_to_scalar         0x0800ac49   Thumb Code    40  inv_mpu.o(.text)
    mpu_dmp_init                             0x0800ac71   Thumb Code   154  inv_mpu.o(.text)
    mpu_dmp_get_data                         0x0800ad0b   Thumb Code   554  inv_mpu.o(.text)
    dmp_load_motion_driver_firmware          0x0800af39   Thumb Code    20  inv_mpu_dmp_motion_driver.o(.text)
    dmp_set_orientation                      0x0800af4d   Thumb Code   290  inv_mpu_dmp_motion_driver.o(.text)
    dmp_set_gyro_bias                        0x0800b06f   Thumb Code   294  inv_mpu_dmp_motion_driver.o(.text)
    dmp_set_accel_bias                       0x0800b195   Thumb Code   300  inv_mpu_dmp_motion_driver.o(.text)
    dmp_set_fifo_rate                        0x0800b2c1   Thumb Code   136  inv_mpu_dmp_motion_driver.o(.text)
    dmp_get_fifo_rate                        0x0800b349   Thumb Code    12  inv_mpu_dmp_motion_driver.o(.text)
    dmp_set_tap_thresh                       0x0800b355   Thumb Code   396  inv_mpu_dmp_motion_driver.o(.text)
    dmp_set_tap_axes                         0x0800b4e1   Thumb Code    70  inv_mpu_dmp_motion_driver.o(.text)
    dmp_set_tap_count                        0x0800b527   Thumb Code    38  inv_mpu_dmp_motion_driver.o(.text)
    dmp_set_tap_time                         0x0800b54d   Thumb Code    38  inv_mpu_dmp_motion_driver.o(.text)
    dmp_set_tap_time_multi                   0x0800b573   Thumb Code    38  inv_mpu_dmp_motion_driver.o(.text)
    dmp_set_shake_reject_thresh              0x0800b599   Thumb Code    56  inv_mpu_dmp_motion_driver.o(.text)
    dmp_set_shake_reject_time                0x0800b5d1   Thumb Code    38  inv_mpu_dmp_motion_driver.o(.text)
    dmp_set_shake_reject_timeout             0x0800b5f7   Thumb Code    38  inv_mpu_dmp_motion_driver.o(.text)
    dmp_get_pedometer_step_count             0x0800b61d   Thumb Code    66  inv_mpu_dmp_motion_driver.o(.text)
    dmp_set_pedometer_step_count             0x0800b65f   Thumb Code    42  inv_mpu_dmp_motion_driver.o(.text)
    dmp_get_pedometer_walk_time              0x0800b689   Thumb Code    72  inv_mpu_dmp_motion_driver.o(.text)
    dmp_set_pedometer_walk_time              0x0800b6d1   Thumb Code    48  inv_mpu_dmp_motion_driver.o(.text)
    dmp_enable_6x_lp_quat                    0x0800b701   Thumb Code    84  inv_mpu_dmp_motion_driver.o(.text)
    dmp_enable_lp_quat                       0x0800b755   Thumb Code    60  inv_mpu_dmp_motion_driver.o(.text)
    dmp_enable_gyro_cal                      0x0800b791   Thumb Code    62  inv_mpu_dmp_motion_driver.o(.text)
    dmp_enable_feature                       0x0800b7cf   Thumb Code   530  inv_mpu_dmp_motion_driver.o(.text)
    dmp_get_enabled_features                 0x0800b9e1   Thumb Code    12  inv_mpu_dmp_motion_driver.o(.text)
    dmp_set_interrupt_mode                   0x0800ba4b   Thumb Code    66  inv_mpu_dmp_motion_driver.o(.text)
    dmp_read_fifo                            0x0800ba8d   Thumb Code   514  inv_mpu_dmp_motion_driver.o(.text)
    dmp_register_tap_cb                      0x0800bc8f   Thumb Code    10  inv_mpu_dmp_motion_driver.o(.text)
    dmp_register_android_orient_cb           0x0800bc99   Thumb Code    10  inv_mpu_dmp_motion_driver.o(.text)
    delay_init                               0x0800bca9   Thumb Code    50  delay.o(.text)
    delay_us                                 0x0800bcdb   Thumb Code    72  delay.o(.text)
    delay_ms                                 0x0800bd23   Thumb Code    72  delay.o(.text)
    _sys_exit                                0x0800bd7d   Thumb Code     4  usart.o(.text)
    fputc                                    0x0800bd81   Thumb Code    24  usart.o(.text)
    uart_init                                0x0800bd99   Thumb Code   152  usart.o(.text)
    USART1_IRQHandler                        0x0800be31   Thumb Code   122  usart.o(.text)
    Reset_Handler                            0x0800bebd   Thumb Code     8  startup_stm32f10x_hd.o(.text)
    ADC1_2_IRQHandler                        0x0800bed7   Thumb Code     0  startup_stm32f10x_hd.o(.text)
    ADC3_IRQHandler                          0x0800bed7   Thumb Code     0  startup_stm32f10x_hd.o(.text)
    CAN1_RX1_IRQHandler                      0x0800bed7   Thumb Code     0  startup_stm32f10x_hd.o(.text)
    CAN1_SCE_IRQHandler                      0x0800bed7   Thumb Code     0  startup_stm32f10x_hd.o(.text)
    DMA1_Channel1_IRQHandler                 0x0800bed7   Thumb Code     0  startup_stm32f10x_hd.o(.text)
    DMA1_Channel2_IRQHandler                 0x0800bed7   Thumb Code     0  startup_stm32f10x_hd.o(.text)
    DMA1_Channel3_IRQHandler                 0x0800bed7   Thumb Code     0  startup_stm32f10x_hd.o(.text)
    DMA1_Channel4_IRQHandler                 0x0800bed7   Thumb Code     0  startup_stm32f10x_hd.o(.text)
    DMA1_Channel5_IRQHandler                 0x0800bed7   Thumb Code     0  startup_stm32f10x_hd.o(.text)
    DMA1_Channel6_IRQHandler                 0x0800bed7   Thumb Code     0  startup_stm32f10x_hd.o(.text)
    DMA1_Channel7_IRQHandler                 0x0800bed7   Thumb Code     0  startup_stm32f10x_hd.o(.text)
    DMA2_Channel1_IRQHandler                 0x0800bed7   Thumb Code     0  startup_stm32f10x_hd.o(.text)
    DMA2_Channel2_IRQHandler                 0x0800bed7   Thumb Code     0  startup_stm32f10x_hd.o(.text)
    DMA2_Channel3_IRQHandler                 0x0800bed7   Thumb Code     0  startup_stm32f10x_hd.o(.text)
    DMA2_Channel4_5_IRQHandler               0x0800bed7   Thumb Code     0  startup_stm32f10x_hd.o(.text)
    EXTI0_IRQHandler                         0x0800bed7   Thumb Code     0  startup_stm32f10x_hd.o(.text)
    EXTI15_10_IRQHandler                     0x0800bed7   Thumb Code     0  startup_stm32f10x_hd.o(.text)
    EXTI1_IRQHandler                         0x0800bed7   Thumb Code     0  startup_stm32f10x_hd.o(.text)
    EXTI2_IRQHandler                         0x0800bed7   Thumb Code     0  startup_stm32f10x_hd.o(.text)
    EXTI3_IRQHandler                         0x0800bed7   Thumb Code     0  startup_stm32f10x_hd.o(.text)
    EXTI4_IRQHandler                         0x0800bed7   Thumb Code     0  startup_stm32f10x_hd.o(.text)
    EXTI9_5_IRQHandler                       0x0800bed7   Thumb Code     0  startup_stm32f10x_hd.o(.text)
    FLASH_IRQHandler                         0x0800bed7   Thumb Code     0  startup_stm32f10x_hd.o(.text)
    FSMC_IRQHandler                          0x0800bed7   Thumb Code     0  startup_stm32f10x_hd.o(.text)
    I2C1_ER_IRQHandler                       0x0800bed7   Thumb Code     0  startup_stm32f10x_hd.o(.text)
    I2C1_EV_IRQHandler                       0x0800bed7   Thumb Code     0  startup_stm32f10x_hd.o(.text)
    I2C2_ER_IRQHandler                       0x0800bed7   Thumb Code     0  startup_stm32f10x_hd.o(.text)
    I2C2_EV_IRQHandler                       0x0800bed7   Thumb Code     0  startup_stm32f10x_hd.o(.text)
    PVD_IRQHandler                           0x0800bed7   Thumb Code     0  startup_stm32f10x_hd.o(.text)
    RCC_IRQHandler                           0x0800bed7   Thumb Code     0  startup_stm32f10x_hd.o(.text)
    RTCAlarm_IRQHandler                      0x0800bed7   Thumb Code     0  startup_stm32f10x_hd.o(.text)
    RTC_IRQHandler                           0x0800bed7   Thumb Code     0  startup_stm32f10x_hd.o(.text)
    SDIO_IRQHandler                          0x0800bed7   Thumb Code     0  startup_stm32f10x_hd.o(.text)
    SPI1_IRQHandler                          0x0800bed7   Thumb Code     0  startup_stm32f10x_hd.o(.text)
    SPI2_IRQHandler                          0x0800bed7   Thumb Code     0  startup_stm32f10x_hd.o(.text)
    SPI3_IRQHandler                          0x0800bed7   Thumb Code     0  startup_stm32f10x_hd.o(.text)
    TAMPER_IRQHandler                        0x0800bed7   Thumb Code     0  startup_stm32f10x_hd.o(.text)
    TIM1_BRK_IRQHandler                      0x0800bed7   Thumb Code     0  startup_stm32f10x_hd.o(.text)
    TIM1_CC_IRQHandler                       0x0800bed7   Thumb Code     0  startup_stm32f10x_hd.o(.text)
    TIM1_TRG_COM_IRQHandler                  0x0800bed7   Thumb Code     0  startup_stm32f10x_hd.o(.text)
    TIM1_UP_IRQHandler                       0x0800bed7   Thumb Code     0  startup_stm32f10x_hd.o(.text)
    TIM2_IRQHandler                          0x0800bed7   Thumb Code     0  startup_stm32f10x_hd.o(.text)
    TIM3_IRQHandler                          0x0800bed7   Thumb Code     0  startup_stm32f10x_hd.o(.text)
    TIM5_IRQHandler                          0x0800bed7   Thumb Code     0  startup_stm32f10x_hd.o(.text)
    TIM6_IRQHandler                          0x0800bed7   Thumb Code     0  startup_stm32f10x_hd.o(.text)
    TIM7_IRQHandler                          0x0800bed7   Thumb Code     0  startup_stm32f10x_hd.o(.text)
    TIM8_BRK_IRQHandler                      0x0800bed7   Thumb Code     0  startup_stm32f10x_hd.o(.text)
    TIM8_CC_IRQHandler                       0x0800bed7   Thumb Code     0  startup_stm32f10x_hd.o(.text)
    TIM8_TRG_COM_IRQHandler                  0x0800bed7   Thumb Code     0  startup_stm32f10x_hd.o(.text)
    TIM8_UP_IRQHandler                       0x0800bed7   Thumb Code     0  startup_stm32f10x_hd.o(.text)
    UART4_IRQHandler                         0x0800bed7   Thumb Code     0  startup_stm32f10x_hd.o(.text)
    UART5_IRQHandler                         0x0800bed7   Thumb Code     0  startup_stm32f10x_hd.o(.text)
    USART2_IRQHandler                        0x0800bed7   Thumb Code     0  startup_stm32f10x_hd.o(.text)
    USART3_IRQHandler                        0x0800bed7   Thumb Code     0  startup_stm32f10x_hd.o(.text)
    USBWakeUp_IRQHandler                     0x0800bed7   Thumb Code     0  startup_stm32f10x_hd.o(.text)
    USB_HP_CAN1_TX_IRQHandler                0x0800bed7   Thumb Code     0  startup_stm32f10x_hd.o(.text)
    USB_LP_CAN1_RX0_IRQHandler               0x0800bed7   Thumb Code     0  startup_stm32f10x_hd.o(.text)
    WWDG_IRQHandler                          0x0800bed7   Thumb Code     0  startup_stm32f10x_hd.o(.text)
    __user_initial_stackheap                 0x0800bed9   Thumb Code     0  startup_stm32f10x_hd.o(.text)
    NVIC_PriorityGroupConfig                 0x0800befd   Thumb Code    10  misc.o(.text)
    NVIC_Init                                0x0800bf07   Thumb Code   100  misc.o(.text)
    NVIC_SetVectorTable                      0x0800bf6b   Thumb Code    14  misc.o(.text)
    NVIC_SystemLPConfig                      0x0800bf79   Thumb Code    34  misc.o(.text)
    SysTick_CLKSourceConfig                  0x0800bf9b   Thumb Code    40  misc.o(.text)
    FSMC_NORSRAMDeInit                       0x0800bfd9   Thumb Code    54  stm32f10x_fsmc.o(.text)
    FSMC_NANDDeInit                          0x0800c00f   Thumb Code    62  stm32f10x_fsmc.o(.text)
    FSMC_PCCARDDeInit                        0x0800c04d   Thumb Code    36  stm32f10x_fsmc.o(.text)
    FSMC_NORSRAMInit                         0x0800c071   Thumb Code   230  stm32f10x_fsmc.o(.text)
    FSMC_NANDInit                            0x0800c157   Thumb Code   132  stm32f10x_fsmc.o(.text)
    FSMC_PCCARDInit                          0x0800c1db   Thumb Code   130  stm32f10x_fsmc.o(.text)
    FSMC_NORSRAMStructInit                   0x0800c25d   Thumb Code   114  stm32f10x_fsmc.o(.text)
    FSMC_NANDStructInit                      0x0800c2cf   Thumb Code    54  stm32f10x_fsmc.o(.text)
    FSMC_PCCARDStructInit                    0x0800c305   Thumb Code    60  stm32f10x_fsmc.o(.text)
    FSMC_NORSRAMCmd                          0x0800c341   Thumb Code    46  stm32f10x_fsmc.o(.text)
    FSMC_NANDCmd                             0x0800c36f   Thumb Code    86  stm32f10x_fsmc.o(.text)
    FSMC_PCCARDCmd                           0x0800c3c5   Thumb Code    44  stm32f10x_fsmc.o(.text)
    FSMC_NANDECCCmd                          0x0800c3f1   Thumb Code    90  stm32f10x_fsmc.o(.text)
    FSMC_GetECC                              0x0800c44b   Thumb Code    24  stm32f10x_fsmc.o(.text)
    FSMC_ITConfig                            0x0800c463   Thumb Code   128  stm32f10x_fsmc.o(.text)
    FSMC_GetFlagStatus                       0x0800c4e3   Thumb Code    54  stm32f10x_fsmc.o(.text)
    FSMC_ClearFlag                           0x0800c519   Thumb Code    62  stm32f10x_fsmc.o(.text)
    FSMC_GetITStatus                         0x0800c557   Thumb Code    64  stm32f10x_fsmc.o(.text)
    FSMC_ClearITPendingBit                   0x0800c597   Thumb Code    68  stm32f10x_fsmc.o(.text)
    GPIO_DeInit                              0x0800c5e5   Thumb Code   172  stm32f10x_gpio.o(.text)
    GPIO_AFIODeInit                          0x0800c691   Thumb Code    20  stm32f10x_gpio.o(.text)
    GPIO_Init                                0x0800c6a5   Thumb Code   278  stm32f10x_gpio.o(.text)
    GPIO_StructInit                          0x0800c7bb   Thumb Code    16  stm32f10x_gpio.o(.text)
    GPIO_ReadInputDataBit                    0x0800c7cb   Thumb Code    18  stm32f10x_gpio.o(.text)
    GPIO_ReadInputData                       0x0800c7dd   Thumb Code     8  stm32f10x_gpio.o(.text)
    GPIO_ReadOutputDataBit                   0x0800c7e5   Thumb Code    18  stm32f10x_gpio.o(.text)
    GPIO_ReadOutputData                      0x0800c7f7   Thumb Code     8  stm32f10x_gpio.o(.text)
    GPIO_SetBits                             0x0800c7ff   Thumb Code     4  stm32f10x_gpio.o(.text)
    GPIO_ResetBits                           0x0800c803   Thumb Code     4  stm32f10x_gpio.o(.text)
    GPIO_WriteBit                            0x0800c807   Thumb Code    10  stm32f10x_gpio.o(.text)
    GPIO_Write                               0x0800c811   Thumb Code     4  stm32f10x_gpio.o(.text)
    GPIO_PinLockConfig                       0x0800c815   Thumb Code    18  stm32f10x_gpio.o(.text)
    GPIO_EventOutputConfig                   0x0800c827   Thumb Code    26  stm32f10x_gpio.o(.text)
    GPIO_EventOutputCmd                      0x0800c841   Thumb Code     6  stm32f10x_gpio.o(.text)
    GPIO_PinRemapConfig                      0x0800c847   Thumb Code   138  stm32f10x_gpio.o(.text)
    GPIO_EXTILineConfig                      0x0800c8d1   Thumb Code    66  stm32f10x_gpio.o(.text)
    GPIO_ETH_MediaInterfaceConfig            0x0800c913   Thumb Code     8  stm32f10x_gpio.o(.text)
    RCC_DeInit                               0x0800c941   Thumb Code    64  stm32f10x_rcc.o(.text)
    RCC_HSEConfig                            0x0800c981   Thumb Code    70  stm32f10x_rcc.o(.text)
    RCC_GetFlagStatus                        0x0800c9c7   Thumb Code    56  stm32f10x_rcc.o(.text)
    RCC_WaitForHSEStartUp                    0x0800c9ff   Thumb Code    56  stm32f10x_rcc.o(.text)
    RCC_AdjustHSICalibrationValue            0x0800ca37   Thumb Code    20  stm32f10x_rcc.o(.text)
    RCC_HSICmd                               0x0800ca4b   Thumb Code     6  stm32f10x_rcc.o(.text)
    RCC_PLLConfig                            0x0800ca51   Thumb Code    24  stm32f10x_rcc.o(.text)
    RCC_PLLCmd                               0x0800ca69   Thumb Code     6  stm32f10x_rcc.o(.text)
    RCC_SYSCLKConfig                         0x0800ca6f   Thumb Code    18  stm32f10x_rcc.o(.text)
    RCC_GetSYSCLKSource                      0x0800ca81   Thumb Code    10  stm32f10x_rcc.o(.text)
    RCC_HCLKConfig                           0x0800ca8b   Thumb Code    18  stm32f10x_rcc.o(.text)
    RCC_PCLK1Config                          0x0800ca9d   Thumb Code    18  stm32f10x_rcc.o(.text)
    RCC_PCLK2Config                          0x0800caaf   Thumb Code    20  stm32f10x_rcc.o(.text)
    RCC_ITConfig                             0x0800cac3   Thumb Code    26  stm32f10x_rcc.o(.text)
    RCC_USBCLKConfig                         0x0800cadd   Thumb Code     8  stm32f10x_rcc.o(.text)
    RCC_ADCCLKConfig                         0x0800cae5   Thumb Code    18  stm32f10x_rcc.o(.text)
    RCC_LSEConfig                            0x0800caf7   Thumb Code    50  stm32f10x_rcc.o(.text)
    RCC_LSICmd                               0x0800cb29   Thumb Code     6  stm32f10x_rcc.o(.text)
    RCC_RTCCLKConfig                         0x0800cb2f   Thumb Code    12  stm32f10x_rcc.o(.text)
    RCC_RTCCLKCmd                            0x0800cb3b   Thumb Code     8  stm32f10x_rcc.o(.text)
    RCC_GetClocksFreq                        0x0800cb43   Thumb Code   192  stm32f10x_rcc.o(.text)
    RCC_AHBPeriphClockCmd                    0x0800cc03   Thumb Code    26  stm32f10x_rcc.o(.text)
    RCC_APB2PeriphClockCmd                   0x0800cc1d   Thumb Code    26  stm32f10x_rcc.o(.text)
    RCC_APB1PeriphClockCmd                   0x0800cc37   Thumb Code    26  stm32f10x_rcc.o(.text)
    RCC_APB2PeriphResetCmd                   0x0800cc51   Thumb Code    26  stm32f10x_rcc.o(.text)
    RCC_APB1PeriphResetCmd                   0x0800cc6b   Thumb Code    26  stm32f10x_rcc.o(.text)
    RCC_BackupResetCmd                       0x0800cc85   Thumb Code     8  stm32f10x_rcc.o(.text)
    RCC_ClockSecuritySystemCmd               0x0800cc8d   Thumb Code     6  stm32f10x_rcc.o(.text)
    RCC_MCOConfig                            0x0800cc93   Thumb Code     6  stm32f10x_rcc.o(.text)
    RCC_ClearFlag                            0x0800cc99   Thumb Code    14  stm32f10x_rcc.o(.text)
    RCC_GetITStatus                          0x0800cca7   Thumb Code    20  stm32f10x_rcc.o(.text)
    RCC_ClearITPendingBit                    0x0800ccbb   Thumb Code     6  stm32f10x_rcc.o(.text)
    USART_DeInit                             0x0800cce5   Thumb Code   134  stm32f10x_usart.o(.text)
    USART_Init                               0x0800cd6b   Thumb Code   210  stm32f10x_usart.o(.text)
    USART_StructInit                         0x0800ce3d   Thumb Code    24  stm32f10x_usart.o(.text)
    USART_ClockInit                          0x0800ce55   Thumb Code    34  stm32f10x_usart.o(.text)
    USART_ClockStructInit                    0x0800ce77   Thumb Code    12  stm32f10x_usart.o(.text)
    USART_Cmd                                0x0800ce83   Thumb Code    24  stm32f10x_usart.o(.text)
    USART_ITConfig                           0x0800ce9b   Thumb Code    74  stm32f10x_usart.o(.text)
    USART_DMACmd                             0x0800cee5   Thumb Code    18  stm32f10x_usart.o(.text)
    USART_SetAddress                         0x0800cef7   Thumb Code    18  stm32f10x_usart.o(.text)
    USART_WakeUpConfig                       0x0800cf09   Thumb Code    18  stm32f10x_usart.o(.text)
    USART_ReceiverWakeUpCmd                  0x0800cf1b   Thumb Code    24  stm32f10x_usart.o(.text)
    USART_LINBreakDetectLengthConfig         0x0800cf33   Thumb Code    18  stm32f10x_usart.o(.text)
    USART_LINCmd                             0x0800cf45   Thumb Code    24  stm32f10x_usart.o(.text)
    USART_SendData                           0x0800cf5d   Thumb Code     8  stm32f10x_usart.o(.text)
    USART_ReceiveData                        0x0800cf65   Thumb Code    10  stm32f10x_usart.o(.text)
    USART_SendBreak                          0x0800cf6f   Thumb Code    10  stm32f10x_usart.o(.text)
    USART_SetGuardTime                       0x0800cf79   Thumb Code    16  stm32f10x_usart.o(.text)
    USART_SetPrescaler                       0x0800cf89   Thumb Code    16  stm32f10x_usart.o(.text)
    USART_SmartCardCmd                       0x0800cf99   Thumb Code    24  stm32f10x_usart.o(.text)
    USART_SmartCardNACKCmd                   0x0800cfb1   Thumb Code    24  stm32f10x_usart.o(.text)
    USART_HalfDuplexCmd                      0x0800cfc9   Thumb Code    24  stm32f10x_usart.o(.text)
    USART_OverSampling8Cmd                   0x0800cfe1   Thumb Code    22  stm32f10x_usart.o(.text)
    USART_OneBitMethodCmd                    0x0800cff7   Thumb Code    24  stm32f10x_usart.o(.text)
    USART_IrDAConfig                         0x0800d00f   Thumb Code    18  stm32f10x_usart.o(.text)
    USART_IrDACmd                            0x0800d021   Thumb Code    24  stm32f10x_usart.o(.text)
    USART_GetFlagStatus                      0x0800d039   Thumb Code    26  stm32f10x_usart.o(.text)
    USART_ClearFlag                          0x0800d053   Thumb Code    18  stm32f10x_usart.o(.text)
    USART_GetITStatus                        0x0800d065   Thumb Code    84  stm32f10x_usart.o(.text)
    USART_ClearITPendingBit                  0x0800d0b9   Thumb Code    52  stm32f10x_usart.o(.text)
    TIM_DeInit                               0x0800d0ed   Thumb Code   424  stm32f10x_tim.o(.text)
    TIM_TimeBaseInit                         0x0800d295   Thumb Code   122  stm32f10x_tim.o(.text)
    TIM_OC1Init                              0x0800d30f   Thumb Code   132  stm32f10x_tim.o(.text)
    TIM_OC2Init                              0x0800d393   Thumb Code   154  stm32f10x_tim.o(.text)
    TIM_OC3Init                              0x0800d42d   Thumb Code   150  stm32f10x_tim.o(.text)
    TIM_OC4Init                              0x0800d4c3   Thumb Code   182  stm32f10x_tim.o(.text)
    TIM_SetIC4Prescaler                      0x0800d579   Thumb Code    26  stm32f10x_tim.o(.text)
    TIM_SetIC3Prescaler                      0x0800d615   Thumb Code    18  stm32f10x_tim.o(.text)
    TIM_SetIC2Prescaler                      0x0800d6a1   Thumb Code    26  stm32f10x_tim.o(.text)
    TIM_SetIC1Prescaler                      0x0800d73d   Thumb Code    18  stm32f10x_tim.o(.text)
    TIM_ICInit                               0x0800d7bb   Thumb Code   150  stm32f10x_tim.o(.text)
    TIM_PWMIConfig                           0x0800d851   Thumb Code   124  stm32f10x_tim.o(.text)
    TIM_BDTRConfig                           0x0800d8cd   Thumb Code    32  stm32f10x_tim.o(.text)
    TIM_TimeBaseStructInit                   0x0800d8ed   Thumb Code    18  stm32f10x_tim.o(.text)
    TIM_OCStructInit                         0x0800d8ff   Thumb Code    20  stm32f10x_tim.o(.text)
    TIM_ICStructInit                         0x0800d913   Thumb Code    18  stm32f10x_tim.o(.text)
    TIM_BDTRStructInit                       0x0800d925   Thumb Code    40  stm32f10x_tim.o(.text)
    TIM_Cmd                                  0x0800d94d   Thumb Code    24  stm32f10x_tim.o(.text)
    TIM_CtrlPWMOutputs                       0x0800d965   Thumb Code    30  stm32f10x_tim.o(.text)
    TIM_ITConfig                             0x0800d983   Thumb Code    18  stm32f10x_tim.o(.text)
    TIM_GenerateEvent                        0x0800d995   Thumb Code     4  stm32f10x_tim.o(.text)
    TIM_DMAConfig                            0x0800d999   Thumb Code    10  stm32f10x_tim.o(.text)
    TIM_DMACmd                               0x0800d9a3   Thumb Code    18  stm32f10x_tim.o(.text)
    TIM_InternalClockConfig                  0x0800d9b5   Thumb Code    12  stm32f10x_tim.o(.text)
    TIM_SelectInputTrigger                   0x0800d9c1   Thumb Code    18  stm32f10x_tim.o(.text)
    TIM_ITRxExternalClockConfig              0x0800d9d3   Thumb Code    24  stm32f10x_tim.o(.text)
    TIM_TIxExternalClockConfig               0x0800d9eb   Thumb Code    62  stm32f10x_tim.o(.text)
    TIM_ETRConfig                            0x0800da29   Thumb Code    28  stm32f10x_tim.o(.text)
    TIM_ETRClockMode1Config                  0x0800da45   Thumb Code    54  stm32f10x_tim.o(.text)
    TIM_ETRClockMode2Config                  0x0800da7b   Thumb Code    32  stm32f10x_tim.o(.text)
    TIM_PrescalerConfig                      0x0800da9b   Thumb Code     6  stm32f10x_tim.o(.text)
    TIM_CounterModeConfig                    0x0800daa1   Thumb Code    18  stm32f10x_tim.o(.text)
    TIM_EncoderInterfaceConfig               0x0800dab3   Thumb Code    66  stm32f10x_tim.o(.text)
    TIM_ForcedOC1Config                      0x0800daf5   Thumb Code    18  stm32f10x_tim.o(.text)
    TIM_ForcedOC2Config                      0x0800db07   Thumb Code    26  stm32f10x_tim.o(.text)
    TIM_ForcedOC3Config                      0x0800db21   Thumb Code    18  stm32f10x_tim.o(.text)
    TIM_ForcedOC4Config                      0x0800db33   Thumb Code    26  stm32f10x_tim.o(.text)
    TIM_ARRPreloadConfig                     0x0800db4d   Thumb Code    24  stm32f10x_tim.o(.text)
    TIM_SelectCOM                            0x0800db65   Thumb Code    24  stm32f10x_tim.o(.text)
    TIM_SelectCCDMA                          0x0800db7d   Thumb Code    24  stm32f10x_tim.o(.text)
    TIM_CCPreloadControl                     0x0800db95   Thumb Code    24  stm32f10x_tim.o(.text)
    TIM_OC1PreloadConfig                     0x0800dbad   Thumb Code    18  stm32f10x_tim.o(.text)
    TIM_OC2PreloadConfig                     0x0800dbbf   Thumb Code    26  stm32f10x_tim.o(.text)
    TIM_OC3PreloadConfig                     0x0800dbd9   Thumb Code    18  stm32f10x_tim.o(.text)
    TIM_OC4PreloadConfig                     0x0800dbeb   Thumb Code    26  stm32f10x_tim.o(.text)
    TIM_OC1FastConfig                        0x0800dc05   Thumb Code    18  stm32f10x_tim.o(.text)
    TIM_OC2FastConfig                        0x0800dc17   Thumb Code    26  stm32f10x_tim.o(.text)
    TIM_OC3FastConfig                        0x0800dc31   Thumb Code    18  stm32f10x_tim.o(.text)
    TIM_OC4FastConfig                        0x0800dc43   Thumb Code    26  stm32f10x_tim.o(.text)
    TIM_ClearOC1Ref                          0x0800dc5d   Thumb Code    18  stm32f10x_tim.o(.text)
    TIM_ClearOC2Ref                          0x0800dc6f   Thumb Code    24  stm32f10x_tim.o(.text)
    TIM_ClearOC3Ref                          0x0800dc87   Thumb Code    18  stm32f10x_tim.o(.text)
    TIM_ClearOC4Ref                          0x0800dc99   Thumb Code    24  stm32f10x_tim.o(.text)
    TIM_OC1PolarityConfig                    0x0800dcb1   Thumb Code    18  stm32f10x_tim.o(.text)
    TIM_OC1NPolarityConfig                   0x0800dcc3   Thumb Code    18  stm32f10x_tim.o(.text)
    TIM_OC2PolarityConfig                    0x0800dcd5   Thumb Code    26  stm32f10x_tim.o(.text)
    TIM_OC2NPolarityConfig                   0x0800dcef   Thumb Code    26  stm32f10x_tim.o(.text)
    TIM_OC3PolarityConfig                    0x0800dd09   Thumb Code    26  stm32f10x_tim.o(.text)
    TIM_OC3NPolarityConfig                   0x0800dd23   Thumb Code    26  stm32f10x_tim.o(.text)
    TIM_OC4PolarityConfig                    0x0800dd3d   Thumb Code    26  stm32f10x_tim.o(.text)
    TIM_CCxCmd                               0x0800dd57   Thumb Code    30  stm32f10x_tim.o(.text)
    TIM_CCxNCmd                              0x0800dd75   Thumb Code    30  stm32f10x_tim.o(.text)
    TIM_SelectOCxM                           0x0800dd93   Thumb Code    82  stm32f10x_tim.o(.text)
    TIM_UpdateDisableConfig                  0x0800dde5   Thumb Code    24  stm32f10x_tim.o(.text)
    TIM_UpdateRequestConfig                  0x0800ddfd   Thumb Code    24  stm32f10x_tim.o(.text)
    TIM_SelectHallSensor                     0x0800de15   Thumb Code    24  stm32f10x_tim.o(.text)
    TIM_SelectOnePulseMode                   0x0800de2d   Thumb Code    18  stm32f10x_tim.o(.text)
    TIM_SelectOutputTrigger                  0x0800de3f   Thumb Code    18  stm32f10x_tim.o(.text)
    TIM_SelectSlaveMode                      0x0800de51   Thumb Code    18  stm32f10x_tim.o(.text)
    TIM_SelectMasterSlaveMode                0x0800de63   Thumb Code    18  stm32f10x_tim.o(.text)
    TIM_SetCounter                           0x0800de75   Thumb Code     4  stm32f10x_tim.o(.text)
    TIM_SetAutoreload                        0x0800de79   Thumb Code     4  stm32f10x_tim.o(.text)
    TIM_SetCompare1                          0x0800de7d   Thumb Code     4  stm32f10x_tim.o(.text)
    TIM_SetCompare2                          0x0800de81   Thumb Code     4  stm32f10x_tim.o(.text)
    TIM_SetCompare3                          0x0800de85   Thumb Code     4  stm32f10x_tim.o(.text)
    TIM_SetCompare4                          0x0800de89   Thumb Code     6  stm32f10x_tim.o(.text)
    TIM_SetClockDivision                     0x0800de8f   Thumb Code    18  stm32f10x_tim.o(.text)
    TIM_GetCapture1                          0x0800dea1   Thumb Code     6  stm32f10x_tim.o(.text)
    TIM_GetCapture2                          0x0800dea7   Thumb Code     6  stm32f10x_tim.o(.text)
    TIM_GetCapture3                          0x0800dead   Thumb Code     6  stm32f10x_tim.o(.text)
    TIM_GetCapture4                          0x0800deb3   Thumb Code     8  stm32f10x_tim.o(.text)
    TIM_GetCounter                           0x0800debb   Thumb Code     6  stm32f10x_tim.o(.text)
    TIM_GetPrescaler                         0x0800dec1   Thumb Code     6  stm32f10x_tim.o(.text)
    TIM_GetFlagStatus                        0x0800dec7   Thumb Code    18  stm32f10x_tim.o(.text)
    TIM_ClearFlag                            0x0800ded9   Thumb Code     6  stm32f10x_tim.o(.text)
    TIM_GetITStatus                          0x0800dedf   Thumb Code    34  stm32f10x_tim.o(.text)
    TIM_ClearITPendingBit                    0x0800df01   Thumb Code     6  stm32f10x_tim.o(.text)
    __use_no_semihosting                     0x0800df07   Thumb Code     2  use_no_semi_2.o(.text)
    __aeabi_ldivmod                          0x0800df09   Thumb Code     0  llsdiv.o(.text)
    _ll_sdiv                                 0x0800df09   Thumb Code    72  llsdiv.o(.text)
    __2printf                                0x0800df51   Thumb Code    20  noretval__2printf.o(.text)
    _printf_pre_padding                      0x0800df69   Thumb Code    44  _printf_pad.o(.text)
    _printf_post_padding                     0x0800df95   Thumb Code    34  _printf_pad.o(.text)
    _printf_str                              0x0800dfb7   Thumb Code    82  _printf_str.o(.text)
    _printf_int_dec                          0x0800e009   Thumb Code   104  _printf_dec.o(.text)
    _printf_int_hex                          0x0800e081   Thumb Code    84  _printf_hex_int.o(.text)
    _printf_longlong_hex                     0x0800e081   Thumb Code     0  _printf_hex_int.o(.text)
    __printf                                 0x0800e0d9   Thumb Code   308  __printf_flags_wp.o(.text)
    memcmp                                   0x0800e211   Thumb Code    88  memcmp.o(.text)
    __aeabi_memset                           0x0800e269   Thumb Code    16  aeabi_memset.o(.text)
    strcmp                                   0x0800e279   Thumb Code   128  strcmpv7m.o(.text)
    __use_two_region_memory                  0x0800e2f9   Thumb Code     2  heapauxi.o(.text)
    __rt_heap_escrow$2region                 0x0800e2fb   Thumb Code     2  heapauxi.o(.text)
    __rt_heap_expand$2region                 0x0800e2fd   Thumb Code     2  heapauxi.o(.text)
    __I$use$semihosting                      0x0800e2ff   Thumb Code     0  use_no_semi.o(.text)
    __use_no_semihosting_swi                 0x0800e2ff   Thumb Code     2  use_no_semi.o(.text)
    __aeabi_uldivmod                         0x0800e301   Thumb Code     0  lludivv7m.o(.text)
    _ll_udiv                                 0x0800e301   Thumb Code   238  lludivv7m.o(.text)
    __read_errno                             0x0800e3ef   Thumb Code    10  _rserrno.o(.text)
    __set_errno                              0x0800e3f9   Thumb Code    12  _rserrno.o(.text)
    _printf_int_common                       0x0800e405   Thumb Code   178  _printf_intcommon.o(.text)
    _printf_cs_common                        0x0800e4b7   Thumb Code    20  _printf_char.o(.text)
    _printf_char                             0x0800e4cb   Thumb Code    16  _printf_char.o(.text)
    _printf_string                           0x0800e4db   Thumb Code     8  _printf_char.o(.text)
    _printf_char_file                        0x0800e4e5   Thumb Code    32  _printf_char_file.o(.text)
    __aeabi_memclr                           0x0800e509   Thumb Code     0  rt_memclr.o(.text)
    __rt_memclr                              0x0800e509   Thumb Code    68  rt_memclr.o(.text)
    _memset                                  0x0800e50d   Thumb Code     0  rt_memclr.o(.text)
    __aeabi_errno_addr                       0x0800e54d   Thumb Code     8  rt_errno_addr_intlibspace.o(.text)
    __errno$intlibspace                      0x0800e54d   Thumb Code     0  rt_errno_addr_intlibspace.o(.text)
    __rt_errno_addr$intlibspace              0x0800e54d   Thumb Code     0  rt_errno_addr_intlibspace.o(.text)
    _printf_char_common                      0x0800e55f   Thumb Code    32  _printf_char_common.o(.text)
    ferror                                   0x0800e585   Thumb Code     8  ferror.o(.text)
    __aeabi_memclr4                          0x0800e58d   Thumb Code     0  rt_memclr_w.o(.text)
    __aeabi_memclr8                          0x0800e58d   Thumb Code     0  rt_memclr_w.o(.text)
    __rt_memclr_w                            0x0800e58d   Thumb Code    78  rt_memclr_w.o(.text)
    _memset_w                                0x0800e591   Thumb Code     0  rt_memclr_w.o(.text)
    __user_libspace                          0x0800e5dd   Thumb Code     8  libspace.o(.text)
    __user_perproc_libspace                  0x0800e5dd   Thumb Code     0  libspace.o(.text)
    __user_perthread_libspace                0x0800e5dd   Thumb Code     0  libspace.o(.text)
    __user_setup_stackheap                   0x0800e5e5   Thumb Code    74  sys_stackheap_outer.o(.text)
    exit                                     0x0800e62f   Thumb Code    18  exit.o(.text)
    __ARM_fpclassify                         0x0800e641   Thumb Code    40  fpclassify.o(i.__ARM_fpclassify)
    __kernel_poly                            0x0800e669   Thumb Code   170  poly.o(i.__kernel_poly)
    __mathlib_dbl_infnan                     0x0800e713   Thumb Code     6  dunder.o(i.__mathlib_dbl_infnan)
    __mathlib_dbl_infnan2                    0x0800e719   Thumb Code     4  dunder.o(i.__mathlib_dbl_infnan2)
    __mathlib_dbl_invalid                    0x0800e71d   Thumb Code    12  dunder.o(i.__mathlib_dbl_invalid)
    __mathlib_dbl_underflow                  0x0800e729   Thumb Code    10  dunder.o(i.__mathlib_dbl_underflow)
    _is_digit                                0x0800e739   Thumb Code    14  __printf_wp.o(i._is_digit)
    asin                                     0x0800e749   Thumb Code   572  asin.o(i.asin)
    atan                                     0x0800e9b9   Thumb Code   474  atan.o(i.atan)
    atan2                                    0x0800ebd9   Thumb Code   374  atan2.o(i.atan2)
    sqrt                                     0x0800ed75   Thumb Code    76  sqrt.o(i.sqrt)
    __aeabi_d2f                              0x0800edc1   Thumb Code     0  d2f.o(x$fpl$d2f)
    _d2f                                     0x0800edc1   Thumb Code    98  d2f.o(x$fpl$d2f)
    __aeabi_dadd                             0x0800ee25   Thumb Code     0  daddsub_clz.o(x$fpl$dadd)
    _dadd                                    0x0800ee25   Thumb Code   332  daddsub_clz.o(x$fpl$dadd)
    __fpl_dcheck_NaN1                        0x0800ef75   Thumb Code    10  dcheck1.o(x$fpl$dcheck1)
    __fpl_dcmp_Inf                           0x0800ef85   Thumb Code    24  dcmpi.o(x$fpl$dcmpinf)
    __aeabi_ddiv                             0x0800ef9d   Thumb Code     0  ddiv.o(x$fpl$ddiv)
    _ddiv                                    0x0800ef9d   Thumb Code   552  ddiv.o(x$fpl$ddiv)
    __aeabi_cdcmpeq                          0x0800f24d   Thumb Code     0  deqf.o(x$fpl$deqf)
    _dcmpeq                                  0x0800f24d   Thumb Code   120  deqf.o(x$fpl$deqf)
    __aeabi_d2uiz                            0x0800f2c5   Thumb Code     0  dfixu.o(x$fpl$dfixu)
    _dfixu                                   0x0800f2c5   Thumb Code    90  dfixu.o(x$fpl$dfixu)
    __aeabi_i2d                              0x0800f31f   Thumb Code     0  dflt_clz.o(x$fpl$dflt)
    _dflt                                    0x0800f31f   Thumb Code    46  dflt_clz.o(x$fpl$dflt)
    __aeabi_ui2d                             0x0800f34d   Thumb Code     0  dflt_clz.o(x$fpl$dfltu)
    _dfltu                                   0x0800f34d   Thumb Code    38  dflt_clz.o(x$fpl$dfltu)
    __aeabi_cdcmple                          0x0800f375   Thumb Code     0  dleqf.o(x$fpl$dleqf)
    _dcmple                                  0x0800f375   Thumb Code   120  dleqf.o(x$fpl$dleqf)
    __fpl_dcmple_InfNaN                      0x0800f3d7   Thumb Code     0  dleqf.o(x$fpl$dleqf)
    __aeabi_dmul                             0x0800f3ed   Thumb Code     0  dmul.o(x$fpl$dmul)
    _dmul                                    0x0800f3ed   Thumb Code   332  dmul.o(x$fpl$dmul)
    __fpl_dnaninf                            0x0800f541   Thumb Code   156  dnaninf.o(x$fpl$dnaninf)
    __fpl_dretinf                            0x0800f5dd   Thumb Code    12  dretinf.o(x$fpl$dretinf)
    __aeabi_cdrcmple                         0x0800f5e9   Thumb Code     0  drleqf.o(x$fpl$drleqf)
    _drcmple                                 0x0800f5e9   Thumb Code   108  drleqf.o(x$fpl$drleqf)
    __aeabi_drsub                            0x0800f655   Thumb Code     0  daddsub_clz.o(x$fpl$drsb)
    _drsb                                    0x0800f655   Thumb Code    22  daddsub_clz.o(x$fpl$drsb)
    _dsqrt                                   0x0800f66d   Thumb Code   456  dsqrt_noumaal.o(x$fpl$dsqrt)
    __aeabi_dsub                             0x0800f839   Thumb Code     0  daddsub_clz.o(x$fpl$dsub)
    _dsub                                    0x0800f839   Thumb Code   464  daddsub_clz.o(x$fpl$dsub)
    __aeabi_f2d                              0x0800fa0d   Thumb Code     0  f2d.o(x$fpl$f2d)
    _f2d                                     0x0800fa0d   Thumb Code    86  f2d.o(x$fpl$f2d)
    __aeabi_fadd                             0x0800fa65   Thumb Code     0  faddsub_clz.o(x$fpl$fadd)
    _fadd                                    0x0800fa65   Thumb Code   196  faddsub_clz.o(x$fpl$fadd)
    __fpl_fcmp_Inf                           0x0800fb29   Thumb Code    24  fcmpi.o(x$fpl$fcmpinf)
    __aeabi_fdiv                             0x0800fb41   Thumb Code     0  fdiv.o(x$fpl$fdiv)
    _fdiv                                    0x0800fb41   Thumb Code   384  fdiv.o(x$fpl$fdiv)
    __aeabi_cfcmpeq                          0x0800fcc5   Thumb Code     0  feqf.o(x$fpl$feqf)
    _fcmpeq                                  0x0800fcc5   Thumb Code   104  feqf.o(x$fpl$feqf)
    __aeabi_f2iz                             0x0800fd2d   Thumb Code     0  ffix.o(x$fpl$ffix)
    _ffix                                    0x0800fd2d   Thumb Code    54  ffix.o(x$fpl$ffix)
    __aeabi_f2uiz                            0x0800fd65   Thumb Code     0  ffixu.o(x$fpl$ffixu)
    _ffixu                                   0x0800fd65   Thumb Code    62  ffixu.o(x$fpl$ffixu)
    __aeabi_i2f                              0x0800fda5   Thumb Code     0  fflt_clz.o(x$fpl$fflt)
    _fflt                                    0x0800fda5   Thumb Code    48  fflt_clz.o(x$fpl$fflt)
    __aeabi_ui2f                             0x0800fdd5   Thumb Code     0  fflt_clz.o(x$fpl$ffltu)
    _ffltu                                   0x0800fdd5   Thumb Code    38  fflt_clz.o(x$fpl$ffltu)
    __aeabi_cfcmple                          0x0800fdfd   Thumb Code     0  fleqf.o(x$fpl$fleqf)
    _fcmple                                  0x0800fdfd   Thumb Code   104  fleqf.o(x$fpl$fleqf)
    __fpl_fcmple_InfNaN                      0x0800fe4f   Thumb Code     0  fleqf.o(x$fpl$fleqf)
    __aeabi_fmul                             0x0800fe65   Thumb Code     0  fmul.o(x$fpl$fmul)
    _fmul                                    0x0800fe65   Thumb Code   258  fmul.o(x$fpl$fmul)
    __fpl_fnaninf                            0x0800ff67   Thumb Code   140  fnaninf.o(x$fpl$fnaninf)
    __fpl_fretinf                            0x0800fff3   Thumb Code    10  fretinf.o(x$fpl$fretinf)
    __aeabi_cfrcmple                         0x0800fffd   Thumb Code     0  frleqf.o(x$fpl$frleqf)
    _frcmple                                 0x0800fffd   Thumb Code    98  frleqf.o(x$fpl$frleqf)
    __aeabi_fsub                             0x08010061   Thumb Code     0  faddsub_clz.o(x$fpl$fsub)
    _fsub                                    0x08010061   Thumb Code   234  faddsub_clz.o(x$fpl$fsub)
    __fpl_return_NaN                         0x0801014b   Thumb Code   100  retnan.o(x$fpl$retnan)
    __ARM_scalbn                             0x080101af   Thumb Code    92  scalbn.o(x$fpl$scalbn)
    __fpl_cmpreturn                          0x0801020b   Thumb Code    48  trapv.o(x$fpl$trapveneer)
    __I$use$fp                               0x0801023a   Number         0  usenofp.o(x$fpl$usenofp)
    asc2_1206                                0x0801023a   Data        1140  lcd.o(.constdata)
    asc2_1608                                0x080106ae   Data        1520  lcd.o(.constdata)
    asc2_2412                                0x08010c9e   Data        3420  lcd.o(.constdata)
    TP_REMIND_MSG_TBL                        0x080119fc   Data           4  touch.o(.constdata)
    OTT_TPX_TBL                              0x08011a00   Data          10  ott2001a.o(.constdata)
    FT5206_TPX_TBL                           0x08011a0a   Data          10  ft5206.o(.constdata)
    GT9147_CFG_TBL                           0x08011a14   Data         184  gt9147.o(.constdata)
    GT9147_TPX_TBL                           0x08011acc   Data          10  gt9147.o(.constdata)
    reg                                      0x08011ad8   Data          27  inv_mpu.o(.constdata)
    hw                                       0x08011af4   Data          12  inv_mpu.o(.constdata)
    test                                     0x08011b00   Data          40  inv_mpu.o(.constdata)
    __mathlib_zero                           0x08012840   Data           8  qnan.o(.constdata)
    Region$$Table$$Base                      0x0801292c   Number         0  anon$$obj.o(Region$$Table)
    Region$$Table$$Limit                     0x0801294c   Number         0  anon$$obj.o(Region$$Table)
    kbd_tbl1                                 0x20000000   Data          24  main.o(.data)
    kbd_tbl2                                 0x20000018   Data          24  main.o(.data)
    kbd_tbl                                  0x20000030   Data           4  main.o(.data)
    kbd_fn_tbl                               0x20000034   Data           8  main.o(.data)
    key_FC                                   0x2000003c   Data           1  main.o(.data)
    key_RX                                   0x2000003d   Data           1  main.o(.data)
    SystemCoreClock                          0x20000040   Data           4  system_stm32f10x.o(.data)
    AHBPrescTable                            0x20000044   Data          16  system_stm32f10x.o(.data)
    POINT_COLOR                              0x20000056   Data           2  lcd.o(.data)
    BACK_COLOR                               0x20000058   Data           2  lcd.o(.data)
    tp_dev                                   0x2000005c   Data          52  touch.o(.data)
    CMD_RDX                                  0x20000090   Data           1  touch.o(.data)
    CMD_RDY                                  0x20000091   Data           1  touch.o(.data)
    RmtSta                                   0x20000098   Data           1  remote.o(.data)
    Dval                                     0x2000009a   Data           2  remote.o(.data)
    RmtRec                                   0x2000009c   Data           4  remote.o(.data)
    RmtCnt                                   0x200000a0   Data           1  remote.o(.data)
    __stdout                                 0x200000e0   Data           4  usart.o(.data)
    USART_RX_STA                             0x200000e4   Data           2  usart.o(.data)
    lcddev                                   0x200000fc   Data          14  lcd.o(.bss)
    USART_RX_BUF                             0x2000011c   Data         200  usart.o(.bss)
    __libspace_start                         0x200001e4   Data          96  libspace.o(.bss)
    __temporary_stack_top$libspace           0x20000244   Data           0  libspace.o(.bss)



==============================================================================

Memory Map of the image

  Image Entry point : 0x08000131

  Load Region LR_IROM1 (Base: 0x08000000, Size: 0x00012a48, Max: 0x00080000, ABSOLUTE)

    Execution Region ER_IROM1 (Exec base: 0x08000000, Load base: 0x08000000, Size: 0x0001294c, Max: 0x00080000, ABSOLUTE)

    Exec Addr    Load Addr    Size         Type   Attr      Idx    E Section Name        Object

    0x08000000   0x08000000   0x00000130   Data   RO          601    RESET               startup_stm32f10x_hd.o
    0x08000130   0x08000130   0x00000008   Code   RO          763  * !!!main             c_w.l(__main.o)
    0x08000138   0x08000138   0x00000034   Code   RO         1100    !!!scatter          c_w.l(__scatter.o)
    0x0800016c   0x0800016c   0x0000001a   Code   RO         1102    !!handler_copy      c_w.l(__scatter_copy.o)
    0x08000186   0x08000186   0x00000002   PAD
    0x08000188   0x08000188   0x0000001c   Code   RO         1104    !!handler_zi        c_w.l(__scatter_zi.o)
    0x080001a4   0x080001a4   0x00000000   Code   RO          754    .ARM.Collect$$_printf_percent$$00000000  c_w.l(_printf_percent.o)
    0x080001a4   0x080001a4   0x00000006   Code   RO          753    .ARM.Collect$$_printf_percent$$00000009  c_w.l(_printf_d.o)
    0x080001aa   0x080001aa   0x00000006   Code   RO          752    .ARM.Collect$$_printf_percent$$0000000C  c_w.l(_printf_x.o)
    0x080001b0   0x080001b0   0x00000006   Code   RO          751    .ARM.Collect$$_printf_percent$$00000014  c_w.l(_printf_s.o)
    0x080001b6   0x080001b6   0x00000004   Code   RO          866    .ARM.Collect$$_printf_percent$$00000017  c_w.l(_printf_percent_end.o)
    0x080001ba   0x080001ba   0x00000002   Code   RO          967    .ARM.Collect$$libinit$$00000000  c_w.l(libinit.o)
    0x080001bc   0x080001bc   0x00000000   Code   RO          977    .ARM.Collect$$libinit$$00000002  c_w.l(libinit2.o)
    0x080001bc   0x080001bc   0x00000000   Code   RO          979    .ARM.Collect$$libinit$$00000004  c_w.l(libinit2.o)
    0x080001bc   0x080001bc   0x00000000   Code   RO          982    .ARM.Collect$$libinit$$0000000A  c_w.l(libinit2.o)
    0x080001bc   0x080001bc   0x00000000   Code   RO          984    .ARM.Collect$$libinit$$0000000C  c_w.l(libinit2.o)
    0x080001bc   0x080001bc   0x00000000   Code   RO          986    .ARM.Collect$$libinit$$0000000E  c_w.l(libinit2.o)
    0x080001bc   0x080001bc   0x00000000   Code   RO          989    .ARM.Collect$$libinit$$00000011  c_w.l(libinit2.o)
    0x080001bc   0x080001bc   0x00000000   Code   RO          991    .ARM.Collect$$libinit$$00000013  c_w.l(libinit2.o)
    0x080001bc   0x080001bc   0x00000000   Code   RO          993    .ARM.Collect$$libinit$$00000015  c_w.l(libinit2.o)
    0x080001bc   0x080001bc   0x00000000   Code   RO          995    .ARM.Collect$$libinit$$00000017  c_w.l(libinit2.o)
    0x080001bc   0x080001bc   0x00000000   Code   RO          997    .ARM.Collect$$libinit$$00000019  c_w.l(libinit2.o)
    0x080001bc   0x080001bc   0x00000000   Code   RO          999    .ARM.Collect$$libinit$$0000001B  c_w.l(libinit2.o)
    0x080001bc   0x080001bc   0x00000000   Code   RO         1001    .ARM.Collect$$libinit$$0000001D  c_w.l(libinit2.o)
    0x080001bc   0x080001bc   0x00000000   Code   RO         1003    .ARM.Collect$$libinit$$0000001F  c_w.l(libinit2.o)
    0x080001bc   0x080001bc   0x00000000   Code   RO         1005    .ARM.Collect$$libinit$$00000021  c_w.l(libinit2.o)
    0x080001bc   0x080001bc   0x00000000   Code   RO         1007    .ARM.Collect$$libinit$$00000023  c_w.l(libinit2.o)
    0x080001bc   0x080001bc   0x00000000   Code   RO         1009    .ARM.Collect$$libinit$$00000025  c_w.l(libinit2.o)
    0x080001bc   0x080001bc   0x00000000   Code   RO         1013    .ARM.Collect$$libinit$$0000002C  c_w.l(libinit2.o)
    0x080001bc   0x080001bc   0x00000000   Code   RO         1015    .ARM.Collect$$libinit$$0000002E  c_w.l(libinit2.o)
    0x080001bc   0x080001bc   0x00000000   Code   RO         1017    .ARM.Collect$$libinit$$00000030  c_w.l(libinit2.o)
    0x080001bc   0x080001bc   0x00000000   Code   RO         1019    .ARM.Collect$$libinit$$00000032  c_w.l(libinit2.o)
    0x080001bc   0x080001bc   0x00000002   Code   RO         1020    .ARM.Collect$$libinit$$00000033  c_w.l(libinit2.o)
    0x080001be   0x080001be   0x00000002   Code   RO         1050    .ARM.Collect$$libshutdown$$00000000  c_w.l(libshutdown.o)
    0x080001c0   0x080001c0   0x00000000   Code   RO         1064    .ARM.Collect$$libshutdown$$00000002  c_w.l(libshutdown2.o)
    0x080001c0   0x080001c0   0x00000000   Code   RO         1066    .ARM.Collect$$libshutdown$$00000004  c_w.l(libshutdown2.o)
    0x080001c0   0x080001c0   0x00000000   Code   RO         1068    .ARM.Collect$$libshutdown$$00000006  c_w.l(libshutdown2.o)
    0x080001c0   0x080001c0   0x00000000   Code   RO         1071    .ARM.Collect$$libshutdown$$00000009  c_w.l(libshutdown2.o)
    0x080001c0   0x080001c0   0x00000000   Code   RO         1074    .ARM.Collect$$libshutdown$$0000000C  c_w.l(libshutdown2.o)
    0x080001c0   0x080001c0   0x00000000   Code   RO         1076    .ARM.Collect$$libshutdown$$0000000E  c_w.l(libshutdown2.o)
    0x080001c0   0x080001c0   0x00000000   Code   RO         1079    .ARM.Collect$$libshutdown$$00000011  c_w.l(libshutdown2.o)
    0x080001c0   0x080001c0   0x00000002   Code   RO         1080    .ARM.Collect$$libshutdown$$00000012  c_w.l(libshutdown2.o)
    0x080001c2   0x080001c2   0x00000000   Code   RO          855    .ARM.Collect$$rtentry$$00000000  c_w.l(__rtentry.o)
    0x080001c2   0x080001c2   0x00000000   Code   RO          918    .ARM.Collect$$rtentry$$00000002  c_w.l(__rtentry2.o)
    0x080001c2   0x080001c2   0x00000006   Code   RO          930    .ARM.Collect$$rtentry$$00000004  c_w.l(__rtentry4.o)
    0x080001c8   0x080001c8   0x00000000   Code   RO          920    .ARM.Collect$$rtentry$$00000009  c_w.l(__rtentry2.o)
    0x080001c8   0x080001c8   0x00000004   Code   RO          921    .ARM.Collect$$rtentry$$0000000A  c_w.l(__rtentry2.o)
    0x080001cc   0x080001cc   0x00000000   Code   RO          923    .ARM.Collect$$rtentry$$0000000C  c_w.l(__rtentry2.o)
    0x080001cc   0x080001cc   0x00000008   Code   RO          924    .ARM.Collect$$rtentry$$0000000D  c_w.l(__rtentry2.o)
    0x080001d4   0x080001d4   0x00000002   Code   RO          970    .ARM.Collect$$rtexit$$00000000  c_w.l(rtexit.o)
    0x080001d6   0x080001d6   0x00000000   Code   RO         1024    .ARM.Collect$$rtexit$$00000002  c_w.l(rtexit2.o)
    0x080001d6   0x080001d6   0x00000004   Code   RO         1025    .ARM.Collect$$rtexit$$00000003  c_w.l(rtexit2.o)
    0x080001da   0x080001da   0x00000006   Code   RO         1026    .ARM.Collect$$rtexit$$00000004  c_w.l(rtexit2.o)
    0x080001e0   0x080001e0   0x00001250   Code   RO            1    .text               main.o
    0x08001430   0x08001430   0x0000001a   Code   RO          174    .text               stm32f10x_it.o
    0x0800144a   0x0800144a   0x00000002   PAD
    0x0800144c   0x0800144c   0x000001e0   Code   RO          215    .text               system_stm32f10x.o
    0x0800162c   0x0800162c   0x0000004c   Code   RO          233    .text               led.o
    0x08001678   0x08001678   0x000000fc   Code   RO          245    .text               key.o
    0x08001774   0x08001774   0x00004a5c   Code   RO          258    .text               lcd.o
    0x080061d0   0x080061d0   0x0000026c   Code   RO          281    .text               myiic.o
    0x0800643c   0x0800643c   0x0000017a   Code   RO          293    .text               24cxx.o
    0x080065b6   0x080065b6   0x00000002   PAD
    0x080065b8   0x080065b8   0x00000fb4   Code   RO          343    .text               touch.o
    0x0800756c   0x0800756c   0x00000284   Code   RO          367    .text               ctiic.o
    0x080077f0   0x080077f0   0x0000036c   Code   RO          382    .text               ott2001a.o
    0x08007b5c   0x08007b5c   0x00000338   Code   RO          398    .text               ft5206.o
    0x08007e94   0x08007e94   0x00000458   Code   RO          417    .text               gt9147.o
    0x080082ec   0x080082ec   0x000000fc   Code   RO          436    .text               joypad.o
    0x080083e8   0x080083e8   0x000002ac   Code   RO          448    .text               remote.o
    0x08008694   0x08008694   0x000003ac   Code   RO          466    .text               mpu6050.o
    0x08008a40   0x08008a40   0x0000026c   Code   RO          478    .text               mpuiic.o
    0x08008cac   0x08008cac   0x0000228c   Code   RO          490    .text               inv_mpu.o
    0x0800af38   0x0800af38   0x00000d70   Code   RO          514    .text               inv_mpu_dmp_motion_driver.o
    0x0800bca8   0x0800bca8   0x000000d4   Code   RO          535    .text               delay.o
    0x0800bd7c   0x0800bd7c   0x00000140   Code   RO          566    .text               usart.o
    0x0800bebc   0x0800bebc   0x00000040   Code   RO          602    .text               startup_stm32f10x_hd.o
    0x0800befc   0x0800befc   0x000000dc   Code   RO          606    .text               misc.o
    0x0800bfd8   0x0800bfd8   0x0000060c   Code   RO          618    .text               stm32f10x_fsmc.o
    0x0800c5e4   0x0800c5e4   0x0000035c   Code   RO          630    .text               stm32f10x_gpio.o
    0x0800c940   0x0800c940   0x000003a4   Code   RO          642    .text               stm32f10x_rcc.o
    0x0800cce4   0x0800cce4   0x00000408   Code   RO          668    .text               stm32f10x_usart.o
    0x0800d0ec   0x0800d0ec   0x00000e1a   Code   RO          680    .text               stm32f10x_tim.o
    0x0800df06   0x0800df06   0x00000002   Code   RO          694    .text               c_w.l(use_no_semi_2.o)
    0x0800df08   0x0800df08   0x00000048   Code   RO          696    .text               c_w.l(llsdiv.o)
    0x0800df50   0x0800df50   0x00000018   Code   RO          700    .text               c_w.l(noretval__2printf.o)
    0x0800df68   0x0800df68   0x0000004e   Code   RO          704    .text               c_w.l(_printf_pad.o)
    0x0800dfb6   0x0800dfb6   0x00000052   Code   RO          706    .text               c_w.l(_printf_str.o)
    0x0800e008   0x0800e008   0x00000078   Code   RO          708    .text               c_w.l(_printf_dec.o)
    0x0800e080   0x0800e080   0x00000058   Code   RO          713    .text               c_w.l(_printf_hex_int.o)
    0x0800e0d8   0x0800e0d8   0x00000138   Code   RO          743    .text               c_w.l(__printf_flags_wp.o)
    0x0800e210   0x0800e210   0x00000058   Code   RO          755    .text               c_w.l(memcmp.o)
    0x0800e268   0x0800e268   0x00000010   Code   RO          757    .text               c_w.l(aeabi_memset.o)
    0x0800e278   0x0800e278   0x00000080   Code   RO          759    .text               c_w.l(strcmpv7m.o)
    0x0800e2f8   0x0800e2f8   0x00000006   Code   RO          761    .text               c_w.l(heapauxi.o)
    0x0800e2fe   0x0800e2fe   0x00000002   Code   RO          853    .text               c_w.l(use_no_semi.o)
    0x0800e300   0x0800e300   0x000000ee   Code   RO          856    .text               c_w.l(lludivv7m.o)
    0x0800e3ee   0x0800e3ee   0x00000016   Code   RO          858    .text               c_w.l(_rserrno.o)
    0x0800e404   0x0800e404   0x000000b2   Code   RO          860    .text               c_w.l(_printf_intcommon.o)
    0x0800e4b6   0x0800e4b6   0x0000002c   Code   RO          862    .text               c_w.l(_printf_char.o)
    0x0800e4e2   0x0800e4e2   0x00000002   PAD
    0x0800e4e4   0x0800e4e4   0x00000024   Code   RO          864    .text               c_w.l(_printf_char_file.o)
    0x0800e508   0x0800e508   0x00000044   Code   RO          867    .text               c_w.l(rt_memclr.o)
    0x0800e54c   0x0800e54c   0x00000008   Code   RO          939    .text               c_w.l(rt_errno_addr_intlibspace.o)
    0x0800e554   0x0800e554   0x00000030   Code   RO          941    .text               c_w.l(_printf_char_common.o)
    0x0800e584   0x0800e584   0x00000008   Code   RO          943    .text               c_w.l(ferror.o)
    0x0800e58c   0x0800e58c   0x0000004e   Code   RO          947    .text               c_w.l(rt_memclr_w.o)
    0x0800e5da   0x0800e5da   0x00000002   PAD
    0x0800e5dc   0x0800e5dc   0x00000008   Code   RO          951    .text               c_w.l(libspace.o)
    0x0800e5e4   0x0800e5e4   0x0000004a   Code   RO          954    .text               c_w.l(sys_stackheap_outer.o)
    0x0800e62e   0x0800e62e   0x00000012   Code   RO          960    .text               c_w.l(exit.o)
    0x0800e640   0x0800e640   0x00000028   Code   RO          912    i.__ARM_fpclassify  m_ws.l(fpclassify.o)
    0x0800e668   0x0800e668   0x000000aa   Code   RO          914    i.__kernel_poly     m_ws.l(poly.o)
    0x0800e712   0x0800e712   0x00000006   Code   RO          899    i.__mathlib_dbl_infnan  m_ws.l(dunder.o)
    0x0800e718   0x0800e718   0x00000004   Code   RO          900    i.__mathlib_dbl_infnan2  m_ws.l(dunder.o)
    0x0800e71c   0x0800e71c   0x0000000c   Code   RO          901    i.__mathlib_dbl_invalid  m_ws.l(dunder.o)
    0x0800e728   0x0800e728   0x00000010   Code   RO          904    i.__mathlib_dbl_underflow  m_ws.l(dunder.o)
    0x0800e738   0x0800e738   0x0000000e   Code   RO          741    i._is_digit         c_w.l(__printf_wp.o)
    0x0800e746   0x0800e746   0x00000002   PAD
    0x0800e748   0x0800e748   0x00000270   Code   RO          828    i.asin              m_ws.l(asin.o)
    0x0800e9b8   0x0800e9b8   0x00000220   Code   RO          889    i.atan              m_ws.l(atan.o)
    0x0800ebd8   0x0800ebd8   0x0000019c   Code   RO          838    i.atan2             m_ws.l(atan2.o)
    0x0800ed74   0x0800ed74   0x0000004c   Code   RO          846    i.sqrt              m_ws.l(sqrt.o)
    0x0800edc0   0x0800edc0   0x00000062   Code   RO          765    x$fpl$d2f           fz_ws.l(d2f.o)
    0x0800ee22   0x0800ee22   0x00000002   PAD
    0x0800ee24   0x0800ee24   0x00000150   Code   RO          767    x$fpl$dadd          fz_ws.l(daddsub_clz.o)
    0x0800ef74   0x0800ef74   0x00000010   Code   RO          949    x$fpl$dcheck1       fz_ws.l(dcheck1.o)
    0x0800ef84   0x0800ef84   0x00000018   Code   RO          869    x$fpl$dcmpinf       fz_ws.l(dcmpi.o)
    0x0800ef9c   0x0800ef9c   0x000002b0   Code   RO          774    x$fpl$ddiv          fz_ws.l(ddiv.o)
    0x0800f24c   0x0800f24c   0x00000078   Code   RO          871    x$fpl$deqf          fz_ws.l(deqf.o)
    0x0800f2c4   0x0800f2c4   0x0000005a   Code   RO          777    x$fpl$dfixu         fz_ws.l(dfixu.o)
    0x0800f31e   0x0800f31e   0x0000002e   Code   RO          782    x$fpl$dflt          fz_ws.l(dflt_clz.o)
    0x0800f34c   0x0800f34c   0x00000026   Code   RO          781    x$fpl$dfltu         fz_ws.l(dflt_clz.o)
    0x0800f372   0x0800f372   0x00000002   PAD
    0x0800f374   0x0800f374   0x00000078   Code   RO          787    x$fpl$dleqf         fz_ws.l(dleqf.o)
    0x0800f3ec   0x0800f3ec   0x00000154   Code   RO          789    x$fpl$dmul          fz_ws.l(dmul.o)
    0x0800f540   0x0800f540   0x0000009c   Code   RO          873    x$fpl$dnaninf       fz_ws.l(dnaninf.o)
    0x0800f5dc   0x0800f5dc   0x0000000c   Code   RO          875    x$fpl$dretinf       fz_ws.l(dretinf.o)
    0x0800f5e8   0x0800f5e8   0x0000006c   Code   RO          791    x$fpl$drleqf        fz_ws.l(drleqf.o)
    0x0800f654   0x0800f654   0x00000016   Code   RO          768    x$fpl$drsb          fz_ws.l(daddsub_clz.o)
    0x0800f66a   0x0800f66a   0x00000002   PAD
    0x0800f66c   0x0800f66c   0x000001cc   Code   RO          877    x$fpl$dsqrt         fz_ws.l(dsqrt_noumaal.o)
    0x0800f838   0x0800f838   0x000001d4   Code   RO          769    x$fpl$dsub          fz_ws.l(daddsub_clz.o)
    0x0800fa0c   0x0800fa0c   0x00000056   Code   RO          793    x$fpl$f2d           fz_ws.l(f2d.o)
    0x0800fa62   0x0800fa62   0x00000002   PAD
    0x0800fa64   0x0800fa64   0x000000c4   Code   RO          795    x$fpl$fadd          fz_ws.l(faddsub_clz.o)
    0x0800fb28   0x0800fb28   0x00000018   Code   RO          879    x$fpl$fcmpinf       fz_ws.l(fcmpi.o)
    0x0800fb40   0x0800fb40   0x00000184   Code   RO          802    x$fpl$fdiv          fz_ws.l(fdiv.o)
    0x0800fcc4   0x0800fcc4   0x00000068   Code   RO          805    x$fpl$feqf          fz_ws.l(feqf.o)
    0x0800fd2c   0x0800fd2c   0x00000036   Code   RO          807    x$fpl$ffix          fz_ws.l(ffix.o)
    0x0800fd62   0x0800fd62   0x00000002   PAD
    0x0800fd64   0x0800fd64   0x0000003e   Code   RO          811    x$fpl$ffixu         fz_ws.l(ffixu.o)
    0x0800fda2   0x0800fda2   0x00000002   PAD
    0x0800fda4   0x0800fda4   0x00000030   Code   RO          816    x$fpl$fflt          fz_ws.l(fflt_clz.o)
    0x0800fdd4   0x0800fdd4   0x00000026   Code   RO          815    x$fpl$ffltu         fz_ws.l(fflt_clz.o)
    0x0800fdfa   0x0800fdfa   0x00000002   PAD
    0x0800fdfc   0x0800fdfc   0x00000068   Code   RO          821    x$fpl$fleqf         fz_ws.l(fleqf.o)
    0x0800fe64   0x0800fe64   0x00000102   Code   RO          823    x$fpl$fmul          fz_ws.l(fmul.o)
    0x0800ff66   0x0800ff66   0x0000008c   Code   RO          881    x$fpl$fnaninf       fz_ws.l(fnaninf.o)
    0x0800fff2   0x0800fff2   0x0000000a   Code   RO          883    x$fpl$fretinf       fz_ws.l(fretinf.o)
    0x0800fffc   0x0800fffc   0x00000062   Code   RO          825    x$fpl$frleqf        fz_ws.l(frleqf.o)
    0x0801005e   0x0801005e   0x00000002   PAD
    0x08010060   0x08010060   0x000000ea   Code   RO          797    x$fpl$fsub          fz_ws.l(faddsub_clz.o)
    0x0801014a   0x0801014a   0x00000064   Code   RO          968    x$fpl$retnan        fz_ws.l(retnan.o)
    0x080101ae   0x080101ae   0x0000005c   Code   RO          885    x$fpl$scalbn        fz_ws.l(scalbn.o)
    0x0801020a   0x0801020a   0x00000030   Code   RO         1021    x$fpl$trapveneer    fz_ws.l(trapv.o)
    0x0801023a   0x0801023a   0x00000000   Code   RO          887    x$fpl$usenofp       fz_ws.l(usenofp.o)
    0x0801023a   0x0801023a   0x000017c0   Data   RO          260    .constdata          lcd.o
    0x080119fa   0x080119fa   0x00000002   PAD
    0x080119fc   0x080119fc   0x00000004   Data   RO          344    .constdata          touch.o
    0x08011a00   0x08011a00   0x0000000a   Data   RO          383    .constdata          ott2001a.o
    0x08011a0a   0x08011a0a   0x0000000a   Data   RO          399    .constdata          ft5206.o
    0x08011a14   0x08011a14   0x000000c2   Data   RO          418    .constdata          gt9147.o
    0x08011ad6   0x08011ad6   0x00000002   PAD
    0x08011ad8   0x08011ad8   0x00000050   Data   RO          491    .constdata          inv_mpu.o
    0x08011b28   0x08011b28   0x00000bf6   Data   RO          516    .constdata          inv_mpu_dmp_motion_driver.o
    0x0801271e   0x0801271e   0x00000028   Data   RO          714    .constdata          c_w.l(_printf_hex_int.o)
    0x08012746   0x08012746   0x00000011   Data   RO          744    .constdata          c_w.l(__printf_flags_wp.o)
    0x08012757   0x08012757   0x00000001   PAD
    0x08012758   0x08012758   0x00000050   Data   RO          829    .constdata          m_ws.l(asin.o)
    0x080127a8   0x080127a8   0x00000098   Data   RO          890    .constdata          m_ws.l(atan.o)
    0x08012840   0x08012840   0x00000008   Data   RO          916    .constdata          m_ws.l(qnan.o)
    0x08012848   0x08012848   0x00000016   Data   RO            2    .conststring        main.o
    0x0801285e   0x0801285e   0x00000002   PAD
    0x08012860   0x08012860   0x00000079   Data   RO          345    .conststring        touch.o
    0x080128d9   0x080128d9   0x00000003   PAD
    0x080128dc   0x080128dc   0x0000004d   Data   RO          492    .conststring        inv_mpu.o
    0x08012929   0x08012929   0x00000003   PAD
    0x0801292c   0x0801292c   0x00000020   Data   RO         1098    Region$$Table       anon$$obj.o


    Execution Region RW_IRAM1 (Exec base: 0x20000000, Load base: 0x0801294c, Size: 0x00000848, Max: 0x00010000, ABSOLUTE)

    Exec Addr    Load Addr    Size         Type   Attr      Idx    E Section Name        Object

    0x20000000   0x0801294c   0x0000003e   Data   RW            3    .data               main.o
    0x2000003e   0x0801298a   0x00000002   PAD
    0x20000040   0x0801298c   0x00000014   Data   RW          216    .data               system_stm32f10x.o
    0x20000054   0x080129a0   0x00000001   Data   RW          246    .data               key.o
    0x20000055   0x080129a1   0x00000001   PAD
    0x20000056   0x080129a2   0x00000004   Data   RW          261    .data               lcd.o
    0x2000005a   0x080129a6   0x00000002   PAD
    0x2000005c   0x080129a8   0x00000036   Data   RW          346    .data               touch.o
    0x20000092   0x080129de   0x00000001   Data   RW          384    .data               ott2001a.o
    0x20000093   0x080129df   0x00000001   Data   RW          400    .data               ft5206.o
    0x20000094   0x080129e0   0x00000001   Data   RW          419    .data               gt9147.o
    0x20000095   0x080129e1   0x00000003   PAD
    0x20000098   0x080129e4   0x00000009   Data   RW          449    .data               remote.o
    0x200000a1   0x080129ed   0x00000003   PAD
    0x200000a4   0x080129f0   0x00000035   Data   RW          493    .data               inv_mpu.o
    0x200000d9   0x08012a25   0x00000001   PAD
    0x200000da   0x08012a26   0x00000004   Data   RW          536    .data               delay.o
    0x200000de   0x08012a2a   0x00000002   PAD
    0x200000e0   0x08012a2c   0x00000006   Data   RW          568    .data               usart.o
    0x200000e6   0x08012a32   0x00000014   Data   RW          643    .data               stm32f10x_rcc.o
    0x200000fa   0x08012a46   0x00000002   PAD
    0x200000fc        -       0x0000000e   Zero   RW          259    .bss                lcd.o
    0x2000010a   0x08012a46   0x00000002   PAD
    0x2000010c        -       0x00000010   Zero   RW          515    .bss                inv_mpu_dmp_motion_driver.o
    0x2000011c        -       0x000000c8   Zero   RW          567    .bss                usart.o
    0x200001e4        -       0x00000060   Zero   RW          952    .bss                c_w.l(libspace.o)
    0x20000244   0x08012a46   0x00000004   PAD
    0x20000248        -       0x00000200   Zero   RW          600    HEAP                startup_stm32f10x_hd.o
    0x20000448        -       0x00000400   Zero   RW          599    STACK               startup_stm32f10x_hd.o


==============================================================================

Image component sizes


      Code (inc. data)   RO Data    RW Data    ZI Data      Debug   Object Name

       378          0          0          0          0       2774   24cxx.o
       644         24          0          0          0       2037   ctiic.o
       212         18          0          4          0       1015   delay.o
       824         38         10          1          0       2511   ft5206.o
      1112         74        194          1          0       3042   gt9147.o
      8844        198        157         53          0      23953   inv_mpu.o
      3440        126       3062          0         16      15371   inv_mpu_dmp_motion_driver.o
       252         26          0          0          0        959   joypad.o
       252         12          0          1          0        828   key.o
     19036        162       6080          4         14      22210   lcd.o
        76          8          0          0          0        483   led.o
      4688        486         22         62          0     264657   main.o
       220         22          0          0          0       1773   misc.o
       940         28          0          0          0       4395   mpu6050.o
       620         14          0          0          0       2050   mpuiic.o
       620         14          0          0          0       1872   myiic.o
       876         56         10          1          0       2671   ott2001a.o
       684         28          0          9          0       1554   remote.o
        64         26        304          0       1536        788   startup_stm32f10x_hd.o
      1548         18          0          0          0       5351   stm32f10x_fsmc.o
       860         38          0          0          0       5705   stm32f10x_gpio.o
        26          0          0          0          0       1166   stm32f10x_it.o
       932         36          0         20          0       8872   stm32f10x_rcc.o
      3610         88          0          0          0      22816   stm32f10x_tim.o
      1032         22          0          0          0       8432   stm32f10x_usart.o
         0          0          0          0          0         32   sys.o
       480         38          0         20          0       1695   system_stm32f10x.o
      4020        222        125         54          0       6805   touch.o
       320         18          0          6        200       3118   usart.o

    ----------------------------------------------------------------------
     56614       1840      10008        252       1768     418935   Object Totals
         0          0         32          0          0          0   (incl. Generated)
         4          0         12         16          2          0   (incl. Padding)

    ----------------------------------------------------------------------

      Code (inc. data)   RO Data    RW Data    ZI Data      Debug   Library Member Name

         8          0          0          0          0         68   __main.o
       312          4         17          0          0         92   __printf_flags_wp.o
        14          0          0          0          0         68   __printf_wp.o
         0          0          0          0          0          0   __rtentry.o
        12          0          0          0          0          0   __rtentry2.o
         6          0          0          0          0          0   __rtentry4.o
        52          8          0          0          0          0   __scatter.o
        26          0          0          0          0          0   __scatter_copy.o
        28          0          0          0          0          0   __scatter_zi.o
        44          0          0          0          0        108   _printf_char.o
        48          6          0          0          0         96   _printf_char_common.o
        36          4          0          0          0         80   _printf_char_file.o
         6          0          0          0          0          0   _printf_d.o
       120         16          0          0          0         92   _printf_dec.o
        88          4         40          0          0         88   _printf_hex_int.o
       178          0          0          0          0         88   _printf_intcommon.o
        78          0          0          0          0        108   _printf_pad.o
         0          0          0          0          0          0   _printf_percent.o
         4          0          0          0          0          0   _printf_percent_end.o
         6          0          0          0          0          0   _printf_s.o
        82          0          0          0          0         80   _printf_str.o
         6          0          0          0          0          0   _printf_x.o
        22          0          0          0          0        100   _rserrno.o
        16          0          0          0          0         68   aeabi_memset.o
        18          0          0          0          0         80   exit.o
         8          0          0          0          0         68   ferror.o
         6          0          0          0          0        152   heapauxi.o
         2          0          0          0          0          0   libinit.o
         2          0          0          0          0          0   libinit2.o
         2          0          0          0          0          0   libshutdown.o
         2          0          0          0          0          0   libshutdown2.o
         8          4          0          0         96         68   libspace.o
        72          0          0          0          0         76   llsdiv.o
       238          0          0          0          0        100   lludivv7m.o
        88          0          0          0          0         76   memcmp.o
        24          4          0          0          0         84   noretval__2printf.o
         8          4          0          0          0         68   rt_errno_addr_intlibspace.o
        68          0          0          0          0         68   rt_memclr.o
        78          0          0          0          0         80   rt_memclr_w.o
         2          0          0          0          0          0   rtexit.o
        10          0          0          0          0          0   rtexit2.o
       128          0          0          0          0         68   strcmpv7m.o
        74          0          0          0          0         80   sys_stackheap_outer.o
         2          0          0          0          0         68   use_no_semi.o
         2          0          0          0          0         68   use_no_semi_2.o
        98          4          0          0          0         92   d2f.o
       826         16          0          0          0        348   daddsub_clz.o
        16          4          0          0          0         68   dcheck1.o
        24          0          0          0          0         68   dcmpi.o
       688        140          0          0          0        208   ddiv.o
       120          4          0          0          0         92   deqf.o
        90          4          0          0          0         92   dfixu.o
        84          0          0          0          0        136   dflt_clz.o
       120          4          0          0          0         92   dleqf.o
       340         12          0          0          0        104   dmul.o
       156          4          0          0          0         92   dnaninf.o
        12          0          0          0          0         68   dretinf.o
       108          0          0          0          0         80   drleqf.o
       460         56          0          0          0        120   dsqrt_noumaal.o
        86          4          0          0          0         84   f2d.o
       430          8          0          0          0        168   faddsub_clz.o
        24          0          0          0          0         68   fcmpi.o
       388         76          0          0          0         96   fdiv.o
       104          4          0          0          0         84   feqf.o
        54          4          0          0          0         84   ffix.o
        62          4          0          0          0         84   ffixu.o
        86          0          0          0          0        136   fflt_clz.o
       104          4          0          0          0         84   fleqf.o
       258          4          0          0          0         84   fmul.o
       140          4          0          0          0         84   fnaninf.o
        10          0          0          0          0         68   fretinf.o
        98          0          0          0          0         68   frleqf.o
       100          0          0          0          0         68   retnan.o
        92          0          0          0          0         68   scalbn.o
        48          0          0          0          0         68   trapv.o
         0          0          0          0          0          0   usenofp.o
       624         52         80          0          0        168   asin.o
       544         70        152          0          0        124   atan.o
       412         38          0          0          0        144   atan2.o
        38          6          0          0          0        272   dunder.o
        40          0          0          0          0         68   fpclassify.o
       170          0          0          0          0         96   poly.o
         0          0          8          0          0          0   qnan.o
        76          0          0          0          0         84   sqrt.o

    ----------------------------------------------------------------------
      9188        580        298          0        100       6352   Library Totals
        24          0          1          0          4          0   (incl. Padding)

    ----------------------------------------------------------------------

      Code (inc. data)   RO Data    RW Data    ZI Data      Debug   Library Name

      2034         54         57          0         96       2340   c_w.l
      5226        360          0          0          0       3056   fz_ws.l
      1904        166        240          0          0        956   m_ws.l

    ----------------------------------------------------------------------
      9188        580        298          0        100       6352   Library Totals

    ----------------------------------------------------------------------

==============================================================================


      Code (inc. data)   RO Data    RW Data    ZI Data      Debug   

     65802       2420      10306        252       1868     419511   Grand Totals
     65802       2420      10306        252       1868     419511   ELF Image Totals
     65802       2420      10306        252          0          0   ROM Totals

==============================================================================

    Total RO  Size (Code + RO Data)                76108 (  74.32kB)
    Total RW  Size (RW Data + ZI Data)              2120 (   2.07kB)
    Total ROM Size (Code + RO Data + RW Data)      76360 (  74.57kB)

==============================================================================

